Archive member included to satisfy reference by file (symbol)

c:/st/stm32cubeide_1.7.0/stm32cubeide/plugins/com.st.stm32cube.ide.mcu.externaltools.gnu-tools-for-stm32.9-2020-q2-update.win32_2.0.0.202105311346/tools/bin/../lib/gcc/arm-none-eabi/9.3.1/../../../../arm-none-eabi/lib/thumb/v7-m/nofp\libc_nano.a(lib_a-errno.o)
                              ./Core/Src/syscalls.o (__errno)
c:/st/stm32cubeide_1.7.0/stm32cubeide/plugins/com.st.stm32cube.ide.mcu.externaltools.gnu-tools-for-stm32.9-2020-q2-update.win32_2.0.0.202105311346/tools/bin/../lib/gcc/arm-none-eabi/9.3.1/../../../../arm-none-eabi/lib/thumb/v7-m/nofp\libc_nano.a(lib_a-exit.o)
                              c:/st/stm32cubeide_1.7.0/stm32cubeide/plugins/com.st.stm32cube.ide.mcu.externaltools.gnu-tools-for-stm32.9-2020-q2-update.win32_2.0.0.202105311346/tools/bin/../lib/gcc/arm-none-eabi/9.3.1/../../../../arm-none-eabi/lib/thumb/v7-m/nofp/crt0.o (exit)
c:/st/stm32cubeide_1.7.0/stm32cubeide/plugins/com.st.stm32cube.ide.mcu.externaltools.gnu-tools-for-stm32.9-2020-q2-update.win32_2.0.0.202105311346/tools/bin/../lib/gcc/arm-none-eabi/9.3.1/../../../../arm-none-eabi/lib/thumb/v7-m/nofp\libc_nano.a(lib_a-impure.o)
                              c:/st/stm32cubeide_1.7.0/stm32cubeide/plugins/com.st.stm32cube.ide.mcu.externaltools.gnu-tools-for-stm32.9-2020-q2-update.win32_2.0.0.202105311346/tools/bin/../lib/gcc/arm-none-eabi/9.3.1/../../../../arm-none-eabi/lib/thumb/v7-m/nofp\libc_nano.a(lib_a-exit.o) (_global_impure_ptr)
c:/st/stm32cubeide_1.7.0/stm32cubeide/plugins/com.st.stm32cube.ide.mcu.externaltools.gnu-tools-for-stm32.9-2020-q2-update.win32_2.0.0.202105311346/tools/bin/../lib/gcc/arm-none-eabi/9.3.1/../../../../arm-none-eabi/lib/thumb/v7-m/nofp\libc_nano.a(lib_a-init.o)
                              c:/st/stm32cubeide_1.7.0/stm32cubeide/plugins/com.st.stm32cube.ide.mcu.externaltools.gnu-tools-for-stm32.9-2020-q2-update.win32_2.0.0.202105311346/tools/bin/../lib/gcc/arm-none-eabi/9.3.1/../../../../arm-none-eabi/lib/thumb/v7-m/nofp/crt0.o (__libc_init_array)
c:/st/stm32cubeide_1.7.0/stm32cubeide/plugins/com.st.stm32cube.ide.mcu.externaltools.gnu-tools-for-stm32.9-2020-q2-update.win32_2.0.0.202105311346/tools/bin/../lib/gcc/arm-none-eabi/9.3.1/../../../../arm-none-eabi/lib/thumb/v7-m/nofp\libc_nano.a(lib_a-memset.o)
                              c:/st/stm32cubeide_1.7.0/stm32cubeide/plugins/com.st.stm32cube.ide.mcu.externaltools.gnu-tools-for-stm32.9-2020-q2-update.win32_2.0.0.202105311346/tools/bin/../lib/gcc/arm-none-eabi/9.3.1/../../../../arm-none-eabi/lib/thumb/v7-m/nofp/crt0.o (memset)

Allocating common symbols
Common symbol       size              file

SCH_tasks_G         0x320             ./Core/Src/scheduler.o
uwTick              0x4               ./Drivers/STM32F1xx_HAL_Driver/Src/stm32f1xx_hal.o
pFlash              0x20              ./Drivers/STM32F1xx_HAL_Driver/Src/stm32f1xx_hal_flash.o
htim2               0x48              ./Core/Src/main.o
MARKING             0x28              ./Core/Src/scheduler.o

Discarded input sections

 .text          0x0000000000000000        0x0 c:/st/stm32cubeide_1.7.0/stm32cubeide/plugins/com.st.stm32cube.ide.mcu.externaltools.gnu-tools-for-stm32.9-2020-q2-update.win32_2.0.0.202105311346/tools/bin/../lib/gcc/arm-none-eabi/9.3.1/thumb/v7-m/nofp/crti.o
 .data          0x0000000000000000        0x0 c:/st/stm32cubeide_1.7.0/stm32cubeide/plugins/com.st.stm32cube.ide.mcu.externaltools.gnu-tools-for-stm32.9-2020-q2-update.win32_2.0.0.202105311346/tools/bin/../lib/gcc/arm-none-eabi/9.3.1/thumb/v7-m/nofp/crti.o
 .bss           0x0000000000000000        0x0 c:/st/stm32cubeide_1.7.0/stm32cubeide/plugins/com.st.stm32cube.ide.mcu.externaltools.gnu-tools-for-stm32.9-2020-q2-update.win32_2.0.0.202105311346/tools/bin/../lib/gcc/arm-none-eabi/9.3.1/thumb/v7-m/nofp/crti.o
 .data          0x0000000000000000        0x4 c:/st/stm32cubeide_1.7.0/stm32cubeide/plugins/com.st.stm32cube.ide.mcu.externaltools.gnu-tools-for-stm32.9-2020-q2-update.win32_2.0.0.202105311346/tools/bin/../lib/gcc/arm-none-eabi/9.3.1/thumb/v7-m/nofp/crtbegin.o
 .text          0x0000000000000000       0x7c c:/st/stm32cubeide_1.7.0/stm32cubeide/plugins/com.st.stm32cube.ide.mcu.externaltools.gnu-tools-for-stm32.9-2020-q2-update.win32_2.0.0.202105311346/tools/bin/../lib/gcc/arm-none-eabi/9.3.1/../../../../arm-none-eabi/lib/thumb/v7-m/nofp/crt0.o
 .data          0x0000000000000000        0x0 c:/st/stm32cubeide_1.7.0/stm32cubeide/plugins/com.st.stm32cube.ide.mcu.externaltools.gnu-tools-for-stm32.9-2020-q2-update.win32_2.0.0.202105311346/tools/bin/../lib/gcc/arm-none-eabi/9.3.1/../../../../arm-none-eabi/lib/thumb/v7-m/nofp/crt0.o
 .bss           0x0000000000000000        0x0 c:/st/stm32cubeide_1.7.0/stm32cubeide/plugins/com.st.stm32cube.ide.mcu.externaltools.gnu-tools-for-stm32.9-2020-q2-update.win32_2.0.0.202105311346/tools/bin/../lib/gcc/arm-none-eabi/9.3.1/../../../../arm-none-eabi/lib/thumb/v7-m/nofp/crt0.o
[...]
Memory Configuration

Name             Origin             Length             Attributes
RAM              0x0000000020000000 0x0000000000002800 xrw
FLASH            0x0000000008000000 0x0000000000008000 xr
*default*        0x0000000000000000 0xffffffffffffffff

Linker script and memory map

LOAD c:/st/stm32cubeide_1.7.0/stm32cubeide/plugins/com.st.stm32cube.ide.mcu.externaltools.gnu-tools-for-stm32.9-2020-q2-update.win32_2.0.0.202105311346/tools/bin/../lib/gcc/arm-none-eabi/9.3.1/thumb/v7-m/nofp/crti.o
LOAD c:/st/stm32cubeide_1.7.0/stm32cubeide/plugins/com.st.stm32cube.ide.mcu.externaltools.gnu-tools-for-stm32.9-2020-q2-update.win32_2.0.0.202105311346/tools/bin/../lib/gcc/arm-none-eabi/9.3.1/thumb/v7-m/nofp/crtbegin.o
LOAD c:/st/stm32cubeide_1.7.0/stm32cubeide/plugins/com.st.stm32cube.ide.mcu.externaltools.gnu-tools-for-stm32.9-2020-q2-update.win32_2.0.0.202105311346/tools/bin/../lib/gcc/arm-none-eabi/9.3.1/../../../../arm-none-eabi/lib/thumb/v7-m/nofp/crt0.o
LOAD ./Core/Src/7segment_display.o
LOAD ./Core/Src/Tasks.o
LOAD ./Core/Src/button.o
LOAD ./Core/Src/fsm_traffic.o
LOAD ./Core/Src/global.o
LOAD ./Core/Src/led_display.o
LOAD ./Core/Src/main.o
LOAD ./Core/Src/scheduler.o
LOAD ./Core/Src/software_timer.o
LOAD ./Core/Src/stm32f1xx_hal_msp.o
LOAD ./Core/Src/stm32f1xx_it.o
LOAD ./Core/Src/syscalls.o
LOAD ./Core/Src/sysmem.o
LOAD ./Core/Src/system_stm32f1xx.o
LOAD ./Core/Startup/startup_stm32f103c6tx.o
LOAD ./Drivers/STM32F1xx_HAL_Driver/Src/stm32f1xx_hal.o
LOAD ./Drivers/STM32F1xx_HAL_Driver/Src/stm32f1xx_hal_cortex.o
LOAD ./Drivers/STM32F1xx_HAL_Driver/Src/stm32f1xx_hal_dma.o
LOAD ./Drivers/STM32F1xx_HAL_Driver/Src/stm32f1xx_hal_exti.o
LOAD ./Drivers/STM32F1xx_HAL_Driver/Src/stm32f1xx_hal_flash.o
LOAD ./Drivers/STM32F1xx_HAL_Driver/Src/stm32f1xx_hal_flash_ex.o
LOAD ./Drivers/STM32F1xx_HAL_Driver/Src/stm32f1xx_hal_gpio.o
LOAD ./Drivers/STM32F1xx_HAL_Driver/Src/stm32f1xx_hal_gpio_ex.o
LOAD ./Drivers/STM32F1xx_HAL_Driver/Src/stm32f1xx_hal_pwr.o
LOAD ./Drivers/STM32F1xx_HAL_Driver/Src/stm32f1xx_hal_rcc.o
LOAD ./Drivers/STM32F1xx_HAL_Driver/Src/stm32f1xx_hal_rcc_ex.o
LOAD ./Drivers/STM32F1xx_HAL_Driver/Src/stm32f1xx_hal_tim.o
LOAD ./Drivers/STM32F1xx_HAL_Driver/Src/stm32f1xx_hal_tim_ex.o
START GROUP
LOAD c:/st/stm32cubeide_1.7.0/stm32cubeide/plugins/com.st.stm32cube.ide.mcu.externaltools.gnu-tools-for-stm32.9-2020-q2-update.win32_2.0.0.202105311346/tools/bin/../lib/gcc/arm-none-eabi/9.3.1/../../../../arm-none-eabi/lib/thumb/v7-m/nofp\libc_nano.a
LOAD c:/st/stm32cubeide_1.7.0/stm32cubeide/plugins/com.st.stm32cube.ide.mcu.externaltools.gnu-tools-for-stm32.9-2020-q2-update.win32_2.0.0.202105311346/tools/bin/../lib/gcc/arm-none-eabi/9.3.1/../../../../arm-none-eabi/lib/thumb/v7-m/nofp\libm.a
END GROUP
START GROUP
LOAD c:/st/stm32cubeide_1.7.0/stm32cubeide/plugins/com.st.stm32cube.ide.mcu.externaltools.gnu-tools-for-stm32.9-2020-q2-update.win32_2.0.0.202105311346/tools/bin/../lib/gcc/arm-none-eabi/9.3.1/thumb/v7-m/nofp\libgcc.a
LOAD c:/st/stm32cubeide_1.7.0/stm32cubeide/plugins/com.st.stm32cube.ide.mcu.externaltools.gnu-tools-for-stm32.9-2020-q2-update.win32_2.0.0.202105311346/tools/bin/../lib/gcc/arm-none-eabi/9.3.1/../../../../arm-none-eabi/lib/thumb/v7-m/nofp\libc_nano.a
END GROUP
START GROUP
LOAD c:/st/stm32cubeide_1.7.0/stm32cubeide/plugins/com.st.stm32cube.ide.mcu.externaltools.gnu-tools-for-stm32.9-2020-q2-update.win32_2.0.0.202105311346/tools/bin/../lib/gcc/arm-none-eabi/9.3.1/thumb/v7-m/nofp\libgcc.a
LOAD c:/st/stm32cubeide_1.7.0/stm32cubeide/plugins/com.st.stm32cube.ide.mcu.externaltools.gnu-tools-for-stm32.9-2020-q2-update.win32_2.0.0.202105311346/tools/bin/../lib/gcc/arm-none-eabi/9.3.1/../../../../arm-none-eabi/lib/thumb/v7-m/nofp\libc_nano.a
LOAD c:/st/stm32cubeide_1.7.0/stm32cubeide/plugins/com.st.stm32cube.ide.mcu.externaltools.gnu-tools-for-stm32.9-2020-q2-update.win32_2.0.0.202105311346/tools/bin/../lib/gcc/arm-none-eabi/9.3.1/../../../../arm-none-eabi/lib/thumb/v7-m/nofp\libnosys.a
END GROUP
START GROUP
LOAD c:/st/stm32cubeide_1.7.0/stm32cubeide/plugins/com.st.stm32cube.ide.mcu.externaltools.gnu-tools-for-stm32.9-2020-q2-update.win32_2.0.0.202105311346/tools/bin/../lib/gcc/arm-none-eabi/9.3.1/thumb/v7-m/nofp\libgcc.a
LOAD c:/st/stm32cubeide_1.7.0/stm32cubeide/plugins/com.st.stm32cube.ide.mcu.externaltools.gnu-tools-for-stm32.9-2020-q2-update.win32_2.0.0.202105311346/tools/bin/../lib/gcc/arm-none-eabi/9.3.1/../../../../arm-none-eabi/lib/thumb/v7-m/nofp\libc_nano.a
LOAD c:/st/stm32cubeide_1.7.0/stm32cubeide/plugins/com.st.stm32cube.ide.mcu.externaltools.gnu-tools-for-stm32.9-2020-q2-update.win32_2.0.0.202105311346/tools/bin/../lib/gcc/arm-none-eabi/9.3.1/../../../../arm-none-eabi/lib/thumb/v7-m/nofp\libnosys.a
END GROUP
LOAD c:/st/stm32cubeide_1.7.0/stm32cubeide/plugins/com.st.stm32cube.ide.mcu.externaltools.gnu-tools-for-stm32.9-2020-q2-update.win32_2.0.0.202105311346/tools/bin/../lib/gcc/arm-none-eabi/9.3.1/thumb/v7-m/nofp/crtend.o
LOAD c:/st/stm32cubeide_1.7.0/stm32cubeide/plugins/com.st.stm32cube.ide.mcu.externaltools.gnu-tools-for-stm32.9-2020-q2-update.win32_2.0.0.202105311346/tools/bin/../lib/gcc/arm-none-eabi/9.3.1/thumb/v7-m/nofp/crtn.o
                0x0000000020002800                _estack = (ORIGIN (RAM) + LENGTH (RAM))
                0x0000000000000200                _Min_Heap_Size = 0x200
                0x0000000000000400                _Min_Stack_Size = 0x400

.isr_vector     0x0000000008000000      0x10c
                0x0000000008000000                . = ALIGN (0x4)
 *(.isr_vector)
 .isr_vector    0x0000000008000000      0x10c ./Core/Startup/startup_stm32f103c6tx.o
                0x0000000008000000                g_pfnVectors
                0x000000000800010c                . = ALIGN (0x4)

.text           0x000000000800010c     0x2f00
                0x000000000800010c                . = ALIGN (0x4)
 *(.text)
 .text          0x000000000800010c       0x40 c:/st/stm32cubeide_1.7.0/stm32cubeide/plugins/com.st.stm32cube.ide.mcu.externaltools.gnu-tools-for-stm32.9-2020-q2-update.win32_2.0.0.202105311346/tools/bin/../lib/gcc/arm-none-eabi/9.3.1/thumb/v7-m/nofp/crtbegin.o
 *(.text*)
 .text.update_7seg_display
                0x000000000800014c       0x5c ./Core/Src/7segment_display.o
                0x000000000800014c                update_7seg_display
 .text.display_7seg_left
                0x00000000080001a8       0xfc ./Core/Src/7segment_display.o
                0x00000000080001a8                display_7seg_left
 .text.display_7seg_right
                0x00000000080002a4       0xf8 ./Core/Src/7segment_display.o
                0x00000000080002a4                display_7seg_right
 .text.display_7seg_mode
                0x000000000800039c       0x74 ./Core/Src/7segment_display.o
                0x000000000800039c                display_7seg_mode
 .text.Task_Button_Scan
                0x0000000008000410        0xc ./Core/Src/Tasks.o
                0x0000000008000410                Task_Button_Scan
 .text.Task_Traffic_FSM
                0x000000000800041c        0xc ./Core/Src/Tasks.o
                0x000000000800041c                Task_Traffic_FSM
 .text.Task_Update_Display
                0x0000000008000428       0x10 ./Core/Src/Tasks.o
                0x0000000008000428                Task_Update_Display
 .text.isButton1Pressed
                0x0000000008000438       0x24 ./Core/Src/button.o
                0x0000000008000438                isButton1Pressed
 .text.isButton2Pressed
                0x000000000800045c       0x24 ./Core/Src/button.o
                0x000000000800045c                isButton2Pressed
 .text.isButton3Pressed
                0x0000000008000480       0x24 ./Core/Src/button.o
                0x0000000008000480                isButton3Pressed
 .text.subKeyProcess
                0x00000000080004a4       0x20 ./Core/Src/button.o
                0x00000000080004a4                subKeyProcess
 .text.getKeyInput
                0x00000000080004c4      0x180 ./Core/Src/button.o
                0x00000000080004c4                getKeyInput
 .text.traffic_init
                0x0000000008000644       0xd4 ./Core/Src/fsm_traffic.o
                0x0000000008000644                traffic_init
 .text.traffic_run
                0x0000000008000718       0x50 ./Core/Src/fsm_traffic.o
                0x0000000008000718                traffic_run
 .text.update_button_state
                0x0000000008000768       0xbc ./Core/Src/fsm_traffic.o
                0x0000000008000768                update_button_state
 .text.fsm_normal_mode
                0x0000000008000824      0x1ac ./Core/Src/fsm_traffic.o
                0x0000000008000824                fsm_normal_mode
 .text.fsm_red_modify_mode
                0x00000000080009d0       0xa0 ./Core/Src/fsm_traffic.o
                0x00000000080009d0                fsm_red_modify_mode
 .text.fsm_amber_modify_mode
                0x0000000008000a70       0xa0 ./Core/Src/fsm_traffic.o
                0x0000000008000a70                fsm_amber_modify_mode
 .text.fsm_green_modify_mode
                0x0000000008000b10       0xa0 ./Core/Src/fsm_traffic.o
                0x0000000008000b10                fsm_green_modify_mode
 .text.auto_adjust_duration
                0x0000000008000bb0      0x174 ./Core/Src/fsm_traffic.o
                0x0000000008000bb0                auto_adjust_duration
 .text.update_led_display
                0x0000000008000d24      0x100 ./Core/Src/led_display.o
                0x0000000008000d24                update_led_display
 .text.turn_off_all_leds
                0x0000000008000e24       0x4c ./Core/Src/led_display.o
                0x0000000008000e24                turn_off_all_leds
 .text.set_traffic_led
                0x0000000008000e70       0xa8 ./Core/Src/led_display.o
                0x0000000008000e70                set_traffic_led
 .text.displayLED_RED
                0x0000000008000f18       0x54 ./Core/Src/led_display.o
                0x0000000008000f18                displayLED_RED
 .text.displayLED_YELLOW
                0x0000000008000f6c       0x58 ./Core/Src/led_display.o
                0x0000000008000f6c                displayLED_YELLOW
 .text.displayLED_GREEN
                0x0000000008000fc4       0x54 ./Core/Src/led_display.o
                0x0000000008000fc4                displayLED_GREEN
 .text.handle_led_blinking
                0x0000000008001018       0xc8 ./Core/Src/led_display.o
                0x0000000008001018                handle_led_blinking
 .text.HAL_TIM_PeriodElapsedCallback
                0x00000000080010e0       0x1e ./Core/Src/main.o
                0x00000000080010e0                HAL_TIM_PeriodElapsedCallback
 *fill*         0x00000000080010fe        0x2 
 .text.main     0x0000000008001100       0x58 ./Core/Src/main.o
                0x0000000008001100                main
 .text.SystemClock_Config
                0x0000000008001158       0x76 ./Core/Src/main.o
                0x0000000008001158                SystemClock_Config
 *fill*         0x00000000080011ce        0x2 
 .text.MX_TIM2_Init
                0x00000000080011d0       0x98 ./Core/Src/main.o
 .text.MX_GPIO_Init
                0x0000000008001268       0xc8 ./Core/Src/main.o
 .text.Error_Handler
                0x0000000008001330        0xa ./Core/Src/main.o
                0x0000000008001330                Error_Handler
 *fill*         0x000000000800133a        0x2 
 .text.SCH_Init
                0x000000000800133c       0xb4 ./Core/Src/scheduler.o
                0x000000000800133c                SCH_Init
 .text.SCH_Add_Task
                0x00000000080013f0      0x168 ./Core/Src/scheduler.o
                0x00000000080013f0                SCH_Add_Task
 .text.SCH_Delete_Task
                0x0000000008001558      0x140 ./Core/Src/scheduler.o
                0x0000000008001558                SCH_Delete_Task
 .text.SCH_Update_Marking
                0x0000000008001698       0x70 ./Core/Src/scheduler.o
 .text.SCH_Update
                0x0000000008001708       0x50 ./Core/Src/scheduler.o
                0x0000000008001708                SCH_Update
 .text.SCH_Dispatch_Tasks
                0x0000000008001758      0x138 ./Core/Src/scheduler.o
                0x0000000008001758                SCH_Dispatch_Tasks
 .text.HAL_MspInit
                0x0000000008001890       0x64 ./Core/Src/stm32f1xx_hal_msp.o
                0x0000000008001890                HAL_MspInit
 .text.HAL_TIM_Base_MspInit
                0x00000000080018f4       0x48 ./Core/Src/stm32f1xx_hal_msp.o
                0x00000000080018f4                HAL_TIM_Base_MspInit
 .text.NMI_Handler
                0x000000000800193c        0x6 ./Core/Src/stm32f1xx_it.o
                0x000000000800193c                NMI_Handler
 .text.HardFault_Handler
                0x0000000008001942        0x6 ./Core/Src/stm32f1xx_it.o
                0x0000000008001942                HardFault_Handler
 .text.MemManage_Handler
                0x0000000008001948        0x6 ./Core/Src/stm32f1xx_it.o
                0x0000000008001948                MemManage_Handler
 .text.BusFault_Handler
                0x000000000800194e        0x6 ./Core/Src/stm32f1xx_it.o
                0x000000000800194e                BusFault_Handler
 .text.UsageFault_Handler
                0x0000000008001954        0x6 ./Core/Src/stm32f1xx_it.o
                0x0000000008001954                UsageFault_Handler
 .text.SVC_Handler
                0x000000000800195a        0xc ./Core/Src/stm32f1xx_it.o
                0x000000000800195a                SVC_Handler
 .text.DebugMon_Handler
                0x0000000008001966        0xc ./Core/Src/stm32f1xx_it.o
                0x0000000008001966                DebugMon_Handler
 .text.PendSV_Handler
                0x0000000008001972        0xc ./Core/Src/stm32f1xx_it.o
                0x0000000008001972                PendSV_Handler
 .text.SysTick_Handler
                0x000000000800197e        0xc ./Core/Src/stm32f1xx_it.o
                0x000000000800197e                SysTick_Handler
 *fill*         0x000000000800198a        0x2 
 .text.TIM2_IRQHandler
                0x000000000800198c       0x14 ./Core/Src/stm32f1xx_it.o
                0x000000000800198c                TIM2_IRQHandler
 .text.SystemInit
                0x00000000080019a0        0xc ./Core/Src/system_stm32f1xx.o
                0x00000000080019a0                SystemInit
 .text.Reset_Handler
                0x00000000080019ac       0x48 ./Core/Startup/startup_stm32f103c6tx.o
                0x00000000080019ac                Reset_Handler
 .text.Default_Handler
                0x00000000080019f4        0x2 ./Core/Startup/startup_stm32f103c6tx.o
                0x00000000080019f4                RTC_Alarm_IRQHandler
                0x00000000080019f4                EXTI2_IRQHandler
                0x00000000080019f4                TIM1_CC_IRQHandler
                0x00000000080019f4                PVD_IRQHandler
                0x00000000080019f4                EXTI3_IRQHandler
                0x00000000080019f4                EXTI0_IRQHandler
                0x00000000080019f4                ADC1_2_IRQHandler
                0x00000000080019f4                SPI1_IRQHandler
                0x00000000080019f4                TAMPER_IRQHandler
                0x00000000080019f4                DMA1_Channel4_IRQHandler
                0x00000000080019f4                RTC_IRQHandler
                0x00000000080019f4                DMA1_Channel7_IRQHandler
                0x00000000080019f4                CAN1_RX1_IRQHandler
                0x00000000080019f4                I2C1_EV_IRQHandler
                0x00000000080019f4                DMA1_Channel6_IRQHandler
                0x00000000080019f4                TIM3_IRQHandler
                0x00000000080019f4                RCC_IRQHandler
                0x00000000080019f4                TIM1_TRG_COM_IRQHandler
                0x00000000080019f4                DMA1_Channel1_IRQHandler
                0x00000000080019f4                Default_Handler
                0x00000000080019f4                EXTI15_10_IRQHandler
                0x00000000080019f4                EXTI9_5_IRQHandler
                0x00000000080019f4                DMA1_Channel5_IRQHandler
                0x00000000080019f4                EXTI4_IRQHandler
                0x00000000080019f4                USB_LP_CAN1_RX0_IRQHandler
                0x00000000080019f4                USB_HP_CAN1_TX_IRQHandler
                0x00000000080019f4                DMA1_Channel3_IRQHandler
                0x00000000080019f4                TIM1_UP_IRQHandler
                0x00000000080019f4                WWDG_IRQHandler
                0x00000000080019f4                TIM1_BRK_IRQHandler
                0x00000000080019f4                EXTI1_IRQHandler
                0x00000000080019f4                USART2_IRQHandler
                0x00000000080019f4                DMA1_Channel2_IRQHandler
                0x00000000080019f4                CAN1_SCE_IRQHandler
                0x00000000080019f4                FLASH_IRQHandler
                0x00000000080019f4                USART1_IRQHandler
                0x00000000080019f4                I2C1_ER_IRQHandler
                0x00000000080019f4                USBWakeUp_IRQHandler
 *fill*         0x00000000080019f6        0x2 
 .text.HAL_Init
                0x00000000080019f8       0x2c ./Drivers/STM32F1xx_HAL_Driver/Src/stm32f1xx_hal.o
                0x00000000080019f8                HAL_Init
 .text.HAL_InitTick
                0x0000000008001a24       0x60 ./Drivers/STM32F1xx_HAL_Driver/Src/stm32f1xx_hal.o
                0x0000000008001a24                HAL_InitTick
 .text.HAL_IncTick
                0x0000000008001a84       0x24 ./Drivers/STM32F1xx_HAL_Driver/Src/stm32f1xx_hal.o
                0x0000000008001a84                HAL_IncTick
 .text.HAL_GetTick
                0x0000000008001aa8       0x14 ./Drivers/STM32F1xx_HAL_Driver/Src/stm32f1xx_hal.o
                0x0000000008001aa8                HAL_GetTick
 .text.__NVIC_SetPriorityGrouping
                0x0000000008001abc       0x48 ./Drivers/STM32F1xx_HAL_Driver/Src/stm32f1xx_hal_cortex.o
 .text.__NVIC_GetPriorityGrouping
                0x0000000008001b04       0x1c ./Drivers/STM32F1xx_HAL_Driver/Src/stm32f1xx_hal_cortex.o
 .text.__NVIC_EnableIRQ
                0x0000000008001b20       0x38 ./Drivers/STM32F1xx_HAL_Driver/Src/stm32f1xx_hal_cortex.o
 .text.__NVIC_SetPriority
                0x0000000008001b58       0x54 ./Drivers/STM32F1xx_HAL_Driver/Src/stm32f1xx_hal_cortex.o
 .text.NVIC_EncodePriority
                0x0000000008001bac       0x64 ./Drivers/STM32F1xx_HAL_Driver/Src/stm32f1xx_hal_cortex.o
 .text.SysTick_Config
                0x0000000008001c10       0x44 ./Drivers/STM32F1xx_HAL_Driver/Src/stm32f1xx_hal_cortex.o
 .text.HAL_NVIC_SetPriorityGrouping
                0x0000000008001c54       0x16 ./Drivers/STM32F1xx_HAL_Driver/Src/stm32f1xx_hal_cortex.o
                0x0000000008001c54                HAL_NVIC_SetPriorityGrouping
 .text.HAL_NVIC_SetPriority
                0x0000000008001c6a       0x38 ./Drivers/STM32F1xx_HAL_Driver/Src/stm32f1xx_hal_cortex.o
                0x0000000008001c6a                HAL_NVIC_SetPriority
 .text.HAL_NVIC_EnableIRQ
                0x0000000008001ca2       0x1c ./Drivers/STM32F1xx_HAL_Driver/Src/stm32f1xx_hal_cortex.o
                0x0000000008001ca2                HAL_NVIC_EnableIRQ
 .text.HAL_SYSTICK_Config
                0x0000000008001cbe       0x18 ./Drivers/STM32F1xx_HAL_Driver/Src/stm32f1xx_hal_cortex.o
                0x0000000008001cbe                HAL_SYSTICK_Config
 *fill*         0x0000000008001cd6        0x2 
 .text.HAL_GPIO_Init
                0x0000000008001cd8      0x2f4 ./Drivers/STM32F1xx_HAL_Driver/Src/stm32f1xx_hal_gpio.o
                0x0000000008001cd8                HAL_GPIO_Init
 .text.HAL_GPIO_ReadPin
                0x0000000008001fcc       0x2e ./Drivers/STM32F1xx_HAL_Driver/Src/stm32f1xx_hal_gpio.o
                0x0000000008001fcc                HAL_GPIO_ReadPin
 .text.HAL_GPIO_WritePin
                0x0000000008001ffa       0x30 ./Drivers/STM32F1xx_HAL_Driver/Src/stm32f1xx_hal_gpio.o
                0x0000000008001ffa                HAL_GPIO_WritePin
 *fill*         0x000000000800202a        0x2 
 .text.HAL_RCC_OscConfig
                0x000000000800202c      0x500 ./Drivers/STM32F1xx_HAL_Driver/Src/stm32f1xx_hal_rcc.o
                0x000000000800202c                HAL_RCC_OscConfig
 .text.HAL_RCC_ClockConfig
                0x000000000800252c      0x1d4 ./Drivers/STM32F1xx_HAL_Driver/Src/stm32f1xx_hal_rcc.o
                0x000000000800252c                HAL_RCC_ClockConfig
 .text.HAL_RCC_GetSysClockFreq
                0x0000000008002700       0xa8 ./Drivers/STM32F1xx_HAL_Driver/Src/stm32f1xx_hal_rcc.o
                0x0000000008002700                HAL_RCC_GetSysClockFreq
 .text.RCC_Delay
                0x00000000080027a8       0x3c ./Drivers/STM32F1xx_HAL_Driver/Src/stm32f1xx_hal_rcc.o
 .text.HAL_TIM_Base_Init
                0x00000000080027e4       0x9e ./Drivers/STM32F1xx_HAL_Driver/Src/stm32f1xx_hal_tim.o
                0x00000000080027e4                HAL_TIM_Base_Init
 *fill*         0x0000000008002882        0x2 
 .text.HAL_TIM_Base_Start_IT
                0x0000000008002884       0x98 ./Drivers/STM32F1xx_HAL_Driver/Src/stm32f1xx_hal_tim.o
                0x0000000008002884                HAL_TIM_Base_Start_IT
 .text.HAL_TIM_IRQHandler
                0x000000000800291c      0x1e0 ./Drivers/STM32F1xx_HAL_Driver/Src/stm32f1xx_hal_tim.o
                0x000000000800291c                HAL_TIM_IRQHandler
 .text.HAL_TIM_ConfigClockSource
                0x0000000008002afc      0x18e ./Drivers/STM32F1xx_HAL_Driver/Src/stm32f1xx_hal_tim.o
                0x0000000008002afc                HAL_TIM_ConfigClockSource
 .text.HAL_TIM_OC_DelayElapsedCallback
                0x0000000008002c8a       0x12 ./Drivers/STM32F1xx_HAL_Driver/Src/stm32f1xx_hal_tim.o
                0x0000000008002c8a                HAL_TIM_OC_DelayElapsedCallback
 .text.HAL_TIM_IC_CaptureCallback
                0x0000000008002c9c       0x12 ./Drivers/STM32F1xx_HAL_Driver/Src/stm32f1xx_hal_tim.o
                0x0000000008002c9c                HAL_TIM_IC_CaptureCallback
 .text.HAL_TIM_PWM_PulseFinishedCallback
                0x0000000008002cae       0x12 ./Drivers/STM32F1xx_HAL_Driver/Src/stm32f1xx_hal_tim.o
                0x0000000008002cae                HAL_TIM_PWM_PulseFinishedCallback
 .text.HAL_TIM_TriggerCallback
                0x0000000008002cc0       0x12 ./Drivers/STM32F1xx_HAL_Driver/Src/stm32f1xx_hal_tim.o
                0x0000000008002cc0                HAL_TIM_TriggerCallback
 *fill*         0x0000000008002cd2        0x2 
 .text.TIM_Base_SetConfig
                0x0000000008002cd4       0xc8 ./Drivers/STM32F1xx_HAL_Driver/Src/stm32f1xx_hal_tim.o
                0x0000000008002cd4                TIM_Base_SetConfig
 .text.TIM_TI1_ConfigInputStage
                0x0000000008002d9c       0x5c ./Drivers/STM32F1xx_HAL_Driver/Src/stm32f1xx_hal_tim.o
 .text.TIM_TI2_ConfigInputStage
                0x0000000008002df8       0x5e ./Drivers/STM32F1xx_HAL_Driver/Src/stm32f1xx_hal_tim.o
 .text.TIM_ITRx_SetConfig
                0x0000000008002e56       0x34 ./Drivers/STM32F1xx_HAL_Driver/Src/stm32f1xx_hal_tim.o
 .text.TIM_ETR_SetConfig
                0x0000000008002e8a       0x3e ./Drivers/STM32F1xx_HAL_Driver/Src/stm32f1xx_hal_tim.o
                0x0000000008002e8a                TIM_ETR_SetConfig
 .text.HAL_TIMEx_MasterConfigSynchronization
                0x0000000008002ec8       0xb0 ./Drivers/STM32F1xx_HAL_Driver/Src/stm32f1xx_hal_tim_ex.o
                0x0000000008002ec8                HAL_TIMEx_MasterConfigSynchronization
 .text.HAL_TIMEx_CommutCallback
                0x0000000008002f78       0x12 ./Drivers/STM32F1xx_HAL_Driver/Src/stm32f1xx_hal_tim_ex.o
                0x0000000008002f78                HAL_TIMEx_CommutCallback
 .text.HAL_TIMEx_BreakCallback
                0x0000000008002f8a       0x12 ./Drivers/STM32F1xx_HAL_Driver/Src/stm32f1xx_hal_tim_ex.o
                0x0000000008002f8a                HAL_TIMEx_BreakCallback
 .text.__libc_init_array
                0x0000000008002f9c       0x48 c:/st/stm32cubeide_1.7.0/stm32cubeide/plugins/com.st.stm32cube.ide.mcu.externaltools.gnu-tools-for-stm32.9-2020-q2-update.win32_2.0.0.202105311346/tools/bin/../lib/gcc/arm-none-eabi/9.3.1/../../../../arm-none-eabi/lib/thumb/v7-m/nofp\libc_nano.a(lib_a-init.o)
                0x0000000008002f9c                __libc_init_array
 .text.memset   0x0000000008002fe4       0x10 c:/st/stm32cubeide_1.7.0/stm32cubeide/plugins/com.st.stm32cube.ide.mcu.externaltools.gnu-tools-for-stm32.9-2020-q2-update.win32_2.0.0.202105311346/tools/bin/../lib/gcc/arm-none-eabi/9.3.1/../../../../arm-none-eabi/lib/thumb/v7-m/nofp\libc_nano.a(lib_a-memset.o)
                0x0000000008002fe4                memset
 *(.glue_7)
 .glue_7        0x0000000008002ff4        0x0 linker stubs
 *(.glue_7t)
 .glue_7t       0x0000000008002ff4        0x0 linker stubs
 *(.eh_frame)
 .eh_frame      0x0000000008002ff4        0x0 c:/st/stm32cubeide_1.7.0/stm32cubeide/plugins/com.st.stm32cube.ide.mcu.externaltools.gnu-tools-for-stm32.9-2020-q2-update.win32_2.0.0.202105311346/tools/bin/../lib/gcc/arm-none-eabi/9.3.1/thumb/v7-m/nofp/crtbegin.o
 *(.init)
 .init          0x0000000008002ff4        0x4 c:/st/stm32cubeide_1.7.0/stm32cubeide/plugins/com.st.stm32cube.ide.mcu.externaltools.gnu-tools-for-stm32.9-2020-q2-update.win32_2.0.0.202105311346/tools/bin/../lib/gcc/arm-none-eabi/9.3.1/thumb/v7-m/nofp/crti.o
                0x0000000008002ff4                _init
 .init          0x0000000008002ff8        0x8 c:/st/stm32cubeide_1.7.0/stm32cubeide/plugins/com.st.stm32cube.ide.mcu.externaltools.gnu-tools-for-stm32.9-2020-q2-update.win32_2.0.0.202105311346/tools/bin/../lib/gcc/arm-none-eabi/9.3.1/thumb/v7-m/nofp/crtn.o
 *(.fini)
 .fini          0x0000000008003000        0x4 c:/st/stm32cubeide_1.7.0/stm32cubeide/plugins/com.st.stm32cube.ide.mcu.externaltools.gnu-tools-for-stm32.9-2020-q2-update.win32_2.0.0.202105311346/tools/bin/../lib/gcc/arm-none-eabi/9.3.1/thumb/v7-m/nofp/crti.o
                0x0000000008003000                _fini
 .fini          0x0000000008003004        0x8 c:/st/stm32cubeide_1.7.0/stm32cubeide/plugins/com.st.stm32cube.ide.mcu.externaltools.gnu-tools-for-stm32.9-2020-q2-update.win32_2.0.0.202105311346/tools/bin/../lib/gcc/arm-none-eabi/9.3.1/thumb/v7-m/nofp/crtn.o
                0x000000000800300c                . = ALIGN (0x4)
                0x000000000800300c                _etext = .

.vfp11_veneer   0x000000000800300c        0x0
 .vfp11_veneer  0x000000000800300c        0x0 linker stubs

.v4_bx          0x000000000800300c        0x0
 .v4_bx         0x000000000800300c        0x0 linker stubs

.iplt           0x000000000800300c        0x0
 .iplt          0x000000000800300c        0x0 c:/st/stm32cubeide_1.7.0/stm32cubeide/plugins/com.st.stm32cube.ide.mcu.externaltools.gnu-tools-for-stm32.9-2020-q2-update.win32_2.0.0.202105311346/tools/bin/../lib/gcc/arm-none-eabi/9.3.1/thumb/v7-m/nofp/crtbegin.o

.rodata         0x000000000800300c       0x24
                0x000000000800300c                . = ALIGN (0x4)
 *(.rodata)
 *(.rodata*)
 .rodata.AHBPrescTable
                0x000000000800300c       0x10 ./Core/Src/system_stm32f1xx.o
                0x000000000800300c                AHBPrescTable
 .rodata.aPLLMULFactorTable.6032
                0x000000000800301c       0x10 ./Drivers/STM32F1xx_HAL_Driver/Src/stm32f1xx_hal_rcc.o
 .rodata.aPredivFactorTable.6033
                0x000000000800302c        0x2 ./Drivers/STM32F1xx_HAL_Driver/Src/stm32f1xx_hal_rcc.o
                0x0000000008003030                . = ALIGN (0x4)
 *fill*         0x000000000800302e        0x2 

.rel.dyn        0x0000000008003030        0x0
 .rel.iplt      0x0000000008003030        0x0 c:/st/stm32cubeide_1.7.0/stm32cubeide/plugins/com.st.stm32cube.ide.mcu.externaltools.gnu-tools-for-stm32.9-2020-q2-update.win32_2.0.0.202105311346/tools/bin/../lib/gcc/arm-none-eabi/9.3.1/thumb/v7-m/nofp/crtbegin.o

.ARM.extab      0x0000000008003030        0x0
                0x0000000008003030                . = ALIGN (0x4)
 *(.ARM.extab* .gnu.linkonce.armextab.*)
                0x0000000008003030                . = ALIGN (0x4)

.ARM            0x0000000008003030        0x0
                0x0000000008003030                . = ALIGN (0x4)
                0x0000000008003030                __exidx_start = .
 *(.ARM.exidx*)
                0x0000000008003030                __exidx_end = .
                0x0000000008003030                . = ALIGN (0x4)

.preinit_array  0x0000000008003030        0x0
                0x0000000008003030                . = ALIGN (0x4)
                0x0000000008003030                PROVIDE (__preinit_array_start = .)
 *(.preinit_array*)
                0x0000000008003030                PROVIDE (__preinit_array_end = .)
                0x0000000008003030                . = ALIGN (0x4)

.init_array     0x0000000008003030        0x4
                0x0000000008003030                . = ALIGN (0x4)
                0x0000000008003030                PROVIDE (__init_array_start = .)
 *(SORT_BY_NAME(.init_array.*))
 *(.init_array*)
 .init_array    0x0000000008003030        0x4 c:/st/stm32cubeide_1.7.0/stm32cubeide/plugins/com.st.stm32cube.ide.mcu.externaltools.gnu-tools-for-stm32.9-2020-q2-update.win32_2.0.0.202105311346/tools/bin/../lib/gcc/arm-none-eabi/9.3.1/thumb/v7-m/nofp/crtbegin.o
                0x0000000008003034                PROVIDE (__init_array_end = .)
                0x0000000008003034                . = ALIGN (0x4)

.fini_array     0x0000000008003034        0x4
                0x0000000008003034                . = ALIGN (0x4)
                [!provide]                        PROVIDE (__fini_array_start = .)
 *(SORT_BY_NAME(.fini_array.*))
 *(.fini_array*)
 .fini_array    0x0000000008003034        0x4 c:/st/stm32cubeide_1.7.0/stm32cubeide/plugins/com.st.stm32cube.ide.mcu.externaltools.gnu-tools-for-stm32.9-2020-q2-update.win32_2.0.0.202105311346/tools/bin/../lib/gcc/arm-none-eabi/9.3.1/thumb/v7-m/nofp/crtbegin.o
                [!provide]                        PROVIDE (__fini_array_end = .)
                0x0000000008003038                . = ALIGN (0x4)
                0x0000000008003038                _sidata = LOADADDR (.data)

.data           0x0000000020000000       0x5c load address 0x0000000008003038
                0x0000000020000000                . = ALIGN (0x4)
                0x0000000020000000                _sdata = .
 *(.data)
 *(.data*)
 .data.KeyReg0  0x0000000020000000        0xc ./Core/Src/button.o
                0x0000000020000000                KeyReg0
 .data.KeyReg1  0x000000002000000c        0xc ./Core/Src/button.o
                0x000000002000000c                KeyReg1
 .data.KeyReg2  0x0000000020000018        0xc ./Core/Src/button.o
                0x0000000020000018                KeyReg2
 .data.KeyReg3  0x0000000020000024        0xc ./Core/Src/button.o
                0x0000000020000024                KeyReg3
 .data.TimeOutForKeyPress
                0x0000000020000030        0xc ./Core/Src/button.o
                0x0000000020000030                TimeOutForKeyPress
 .data.startup_counter
                0x000000002000003c        0x4 ./Core/Src/button.o
                0x000000002000003c                startup_counter
 .data.duration_RED
                0x0000000020000040        0x4 ./Core/Src/global.o
                0x0000000020000040                duration_RED
 .data.duration_AMBER
                0x0000000020000044        0x4 ./Core/Src/global.o
                0x0000000020000044                duration_AMBER
 .data.duration_GREEN
                0x0000000020000048        0x4 ./Core/Src/global.o
                0x0000000020000048                duration_GREEN
 .data.current_mode
                0x000000002000004c        0x1 ./Core/Src/global.o
                0x000000002000004c                current_mode
 *fill*         0x000000002000004d        0x3 
 .data.SystemCoreClock
                0x0000000020000050        0x4 ./Core/Src/system_stm32f1xx.o
                0x0000000020000050                SystemCoreClock
 .data.uwTickPrio
                0x0000000020000054        0x4 ./Drivers/STM32F1xx_HAL_Driver/Src/stm32f1xx_hal.o
                0x0000000020000054                uwTickPrio
 .data.uwTickFreq
                0x0000000020000058        0x1 ./Drivers/STM32F1xx_HAL_Driver/Src/stm32f1xx_hal.o
                0x0000000020000058                uwTickFreq
 *(.RamFunc)
 *(.RamFunc*)
                0x000000002000005c                . = ALIGN (0x4)
 *fill*         0x0000000020000059        0x3 
                0x000000002000005c                _edata = .

.igot.plt       0x000000002000005c        0x0 load address 0x0000000008003094
 .igot.plt      0x000000002000005c        0x0 c:/st/stm32cubeide_1.7.0/stm32cubeide/plugins/com.st.stm32cube.ide.mcu.externaltools.gnu-tools-for-stm32.9-2020-q2-update.win32_2.0.0.202105311346/tools/bin/../lib/gcc/arm-none-eabi/9.3.1/thumb/v7-m/nofp/crtbegin.o
                0x000000002000005c                . = ALIGN (0x4)

.bss            0x000000002000005c      0x40c load address 0x0000000008003094
                0x000000002000005c                _sbss = .
                0x000000002000005c                __bss_start__ = _sbss
 *(.bss)
 .bss           0x000000002000005c       0x1c c:/st/stm32cubeide_1.7.0/stm32cubeide/plugins/com.st.stm32cube.ide.mcu.externaltools.gnu-tools-for-stm32.9-2020-q2-update.win32_2.0.0.202105311346/tools/bin/../lib/gcc/arm-none-eabi/9.3.1/thumb/v7-m/nofp/crtbegin.o
 *(.bss*)
 .bss.button_flag
                0x0000000020000078        0xc ./Core/Src/button.o
                0x0000000020000078                button_flag
 .bss.button_long_pressed
                0x0000000020000084        0xc ./Core/Src/button.o
                0x0000000020000084                button_long_pressed
 .bss.timer_counter.6063
                0x0000000020000090        0x4 ./Core/Src/fsm_traffic.o
 .bss.temp_duration
                0x0000000020000094        0x4 ./Core/Src/global.o
                0x0000000020000094                temp_duration
 .bss.counter_road1
                0x0000000020000098        0x4 ./Core/Src/global.o
                0x0000000020000098                counter_road1
 .bss.counter_road2
                0x000000002000009c        0x4 ./Core/Src/global.o
                0x000000002000009c                counter_road2
 .bss.traffic_state
                0x00000000200000a0        0x1 ./Core/Src/global.o
                0x00000000200000a0                traffic_state
 *fill*         0x00000000200000a1        0x3 
 .bss.blink_counter
                0x00000000200000a4        0x4 ./Core/Src/global.o
                0x00000000200000a4                blink_counter
 .bss.flag_blink
                0x00000000200000a8        0x4 ./Core/Src/global.o
                0x00000000200000a8                flag_blink
 .bss.flagRed   0x00000000200000ac        0x8 ./Core/Src/global.o
                0x00000000200000ac                flagRed
 .bss.flagGreen
                0x00000000200000b4        0x8 ./Core/Src/global.o
                0x00000000200000b4                flagGreen
 .bss.flagYellow
                0x00000000200000bc        0x8 ./Core/Src/global.o
                0x00000000200000bc                flagYellow
 .bss.prevState
                0x00000000200000c4        0x3 ./Core/Src/global.o
                0x00000000200000c4                prevState
 *fill*         0x00000000200000c7        0x1 
 .bss.currState
                0x00000000200000c8        0x3 ./Core/Src/global.o
                0x00000000200000c8                currState
 .bss.Error_code_G
                0x00000000200000cb        0x1 ./Core/Src/scheduler.o
                0x00000000200000cb                Error_code_G
 .bss.task_count
                0x00000000200000cc        0x4 ./Core/Src/scheduler.o
                0x00000000200000cc                task_count
 .bss.elapsed_time
                0x00000000200000d0        0x4 ./Core/Src/scheduler.o
                0x00000000200000d0                elapsed_time
 *(COMMON)
 COMMON         0x00000000200000d4       0x48 ./Core/Src/main.o
                0x00000000200000d4                htim2
 COMMON         0x000000002000011c      0x348 ./Core/Src/scheduler.o
                0x000000002000011c                SCH_tasks_G
                0x000000002000043c                MARKING
 COMMON         0x0000000020000464        0x4 ./Drivers/STM32F1xx_HAL_Driver/Src/stm32f1xx_hal.o
                0x0000000020000464                uwTick
                0x0000000020000468                . = ALIGN (0x4)
                0x0000000020000468                _ebss = .
                0x0000000020000468                __bss_end__ = _ebss

._user_heap_stack
                0x0000000020000468      0x600 load address 0x0000000008003094
                0x0000000020000468                . = ALIGN (0x8)
                [!provide]                        PROVIDE (end = .)
                0x0000000020000468                PROVIDE (_end = .)
                0x0000000020000668                . = (. + _Min_Heap_Size)
 *fill*         0x0000000020000468      0x200 
                0x0000000020000a68                . = (. + _Min_Stack_Size)
 *fill*         0x0000000020000668      0x400 
                0x0000000020000a68                . = ALIGN (0x8)

/DISCARD/
 libc.a(*)
 libm.a(*)
 libgcc.a(*)

.ARM.attributes
                0x0000000000000000       0x29
 *(.ARM.attributes)
 .ARM.attributes
                0x0000000000000000       0x1d c:/st/stm32cubeide_1.7.0/stm32cubeide/plugins/com.st.stm32cube.ide.mcu.externaltools.gnu-tools-for-stm32.9-2020-q2-update.win32_2.0.0.202105311346/tools/bin/../lib/gcc/arm-none-eabi/9.3.1/thumb/v7-m/nofp/crti.o
 .ARM.attributes
                0x000000000000001d       0x2d c:/st/stm32cubeide_1.7.0/stm32cubeide/plugins/com.st.stm32cube.ide.mcu.externaltools.gnu-tools-for-stm32.9-2020-q2-update.win32_2.0.0.202105311346/tools/bin/../lib/gcc/arm-none-eabi/9.3.1/thumb/v7-m/nofp/crtbegin.o
 .ARM.attributes
                0x000000000000004a       0x2d ./Core/Src/7segment_display.o
 .ARM.attributes
                0x0000000000000077       0x2d ./Core/Src/Tasks.o
 .ARM.attributes
                0x00000000000000a4       0x2d ./Core/Src/button.o
 .ARM.attributes
                0x00000000000000d1       0x2d ./Core/Src/fsm_traffic.o
 .ARM.attributes
                0x00000000000000fe       0x33 ./Core/Src/global.o
 .ARM.attributes
                0x0000000000000131       0x2d ./Core/Src/led_display.o
 .ARM.attributes
                0x000000000000015e       0x2d ./Core/Src/main.o
 .ARM.attributes
                0x000000000000018b       0x2d ./Core/Src/scheduler.o
 .ARM.attributes
                0x00000000000001b8       0x2d ./Core/Src/stm32f1xx_hal_msp.o
 .ARM.attributes
                0x00000000000001e5       0x2d ./Core/Src/stm32f1xx_it.o
 .ARM.attributes
                0x0000000000000212       0x2d ./Core/Src/system_stm32f1xx.o
 .ARM.attributes
                0x000000000000023f       0x21 ./Core/Startup/startup_stm32f103c6tx.o
 .ARM.attributes
                0x0000000000000260       0x2d ./Drivers/STM32F1xx_HAL_Driver/Src/stm32f1xx_hal.o
 .ARM.attributes
                0x000000000000028d       0x2d ./Drivers/STM32F1xx_HAL_Driver/Src/stm32f1xx_hal_cortex.o
 .ARM.attributes
                0x00000000000002ba       0x2d ./Drivers/STM32F1xx_HAL_Driver/Src/stm32f1xx_hal_gpio.o
 .ARM.attributes
                0x00000000000002e7       0x2d ./Drivers/STM32F1xx_HAL_Driver/Src/stm32f1xx_hal_rcc.o
 .ARM.attributes
                0x0000000000000314       0x2d ./Drivers/STM32F1xx_HAL_Driver/Src/stm32f1xx_hal_tim.o
 .ARM.attributes
                0x0000000000000341       0x2d ./Drivers/STM32F1xx_HAL_Driver/Src/stm32f1xx_hal_tim_ex.o
 .ARM.attributes
                0x000000000000036e       0x2d c:/st/stm32cubeide_1.7.0/stm32cubeide/plugins/com.st.stm32cube.ide.mcu.externaltools.gnu-tools-for-stm32.9-2020-q2-update.win32_2.0.0.202105311346/tools/bin/../lib/gcc/arm-none-eabi/9.3.1/../../../../arm-none-eabi/lib/thumb/v7-m/nofp\libc_nano.a(lib_a-init.o)
 .ARM.attributes
                0x000000000000039b       0x2d c:/st/stm32cubeide_1.7.0/stm32cubeide/plugins/com.st.stm32cube.ide.mcu.externaltools.gnu-tools-for-stm32.9-2020-q2-update.win32_2.0.0.202105311346/tools/bin/../lib/gcc/arm-none-eabi/9.3.1/../../../../arm-none-eabi/lib/thumb/v7-m/nofp\libc_nano.a(lib_a-memset.o)
 .ARM.attributes
                0x00000000000003c8       0x1d c:/st/stm32cubeide_1.7.0/stm32cubeide/plugins/com.st.stm32cube.ide.mcu.externaltools.gnu-tools-for-stm32.9-2020-q2-update.win32_2.0.0.202105311346/tools/bin/../lib/gcc/arm-none-eabi/9.3.1/thumb/v7-m/nofp/crtn.o
OUTPUT(TrafficLight_Controller_System_Scheduler.elf elf32-littlearm)
LOAD linker stubs
LOAD c:/st/stm32cubeide_1.7.0/stm32cubeide/plugins/com.st.stm32cube.ide.mcu.externaltools.gnu-tools-for-stm32.9-2020-q2-update.win32_2.0.0.202105311346/tools/bin/../lib/gcc/arm-none-eabi/9.3.1/../../../../arm-none-eabi/lib/thumb/v7-m/nofp\libc.a
LOAD c:/st/stm32cubeide_1.7.0/stm32cubeide/plugins/com.st.stm32cube.ide.mcu.externaltools.gnu-tools-for-stm32.9-2020-q2-update.win32_2.0.0.202105311346/tools/bin/../lib/gcc/arm-none-eabi/9.3.1/../../../../arm-none-eabi/lib/thumb/v7-m/nofp\libm.a
LOAD c:/st/stm32cubeide_1.7.0/stm32cubeide/plugins/com.st.stm32cube.ide.mcu.externaltools.gnu-tools-for-stm32.9-2020-q2-update.win32_2.0.0.202105311346/tools/bin/../lib/gcc/arm-none-eabi/9.3.1/thumb/v7-m/nofp\libgcc.a

.debug_info     0x0000000000000000     0xb336
 .debug_info    0x0000000000000000      0x43c ./Core/Src/7segment_display.o
 .debug_info    0x000000000000043c      0xc82 ./Core/Src/Tasks.o
 .debug_info    0x00000000000010be      0x3b5 ./Core/Src/button.o
 .debug_info    0x0000000000001473      0x3d7 ./Core/Src/fsm_traffic.o
 .debug_info    0x000000000000184a      0x258 ./Core/Src/global.o
 .debug_info    0x0000000000001aa2      0x4b8 ./Core/Src/led_display.o
 .debug_info    0x0000000000001f5a     0x165e ./Core/Src/main.o
 .debug_info    0x00000000000035b8      0x48d ./Core/Src/scheduler.o
 .debug_info    0x0000000000003a45      0xa09 ./Core/Src/stm32f1xx_hal_msp.o
 .debug_info    0x000000000000444e      0x7b9 ./Core/Src/stm32f1xx_it.o
 .debug_info    0x0000000000004c07      0x2be ./Core/Src/system_stm32f1xx.o
 .debug_info    0x0000000000004ec5       0x22 ./Core/Startup/startup_stm32f103c6tx.o
 .debug_info    0x0000000000004ee7      0x74c ./Drivers/STM32F1xx_HAL_Driver/Src/stm32f1xx_hal.o
 .debug_info    0x0000000000005633      0xbbe ./Drivers/STM32F1xx_HAL_Driver/Src/stm32f1xx_hal_cortex.o
 .debug_info    0x00000000000061f1      0x701 ./Drivers/STM32F1xx_HAL_Driver/Src/stm32f1xx_hal_gpio.o
 .debug_info    0x00000000000068f2      0x893 ./Drivers/STM32F1xx_HAL_Driver/Src/stm32f1xx_hal_rcc.o
 .debug_info    0x0000000000007185     0x2c32 ./Drivers/STM32F1xx_HAL_Driver/Src/stm32f1xx_hal_tim.o
 .debug_info    0x0000000000009db7     0x157f ./Drivers/STM32F1xx_HAL_Driver/Src/stm32f1xx_hal_tim_ex.o

.debug_abbrev   0x0000000000000000     0x1f3e
 .debug_abbrev  0x0000000000000000      0x15c ./Core/Src/7segment_display.o
 .debug_abbrev  0x000000000000015c      0x1cc ./Core/Src/Tasks.o
 .debug_abbrev  0x0000000000000328      0x188 ./Core/Src/button.o
 .debug_abbrev  0x00000000000004b0      0x15d ./Core/Src/fsm_traffic.o
 .debug_abbrev  0x000000000000060d       0x7b ./Core/Src/global.o
 .debug_abbrev  0x0000000000000688      0x167 ./Core/Src/led_display.o
 .debug_abbrev  0x00000000000007ef      0x2ad ./Core/Src/main.o
 .debug_abbrev  0x0000000000000a9c      0x1f6 ./Core/Src/scheduler.o
 .debug_abbrev  0x0000000000000c92      0x1b7 ./Core/Src/stm32f1xx_hal_msp.o
 .debug_abbrev  0x0000000000000e49      0x176 ./Core/Src/stm32f1xx_it.o
 .debug_abbrev  0x0000000000000fbf      0x14e ./Core/Src/system_stm32f1xx.o
 .debug_abbrev  0x000000000000110d       0x12 ./Core/Startup/startup_stm32f103c6tx.o
 .debug_abbrev  0x000000000000111f      0x1ed ./Drivers/STM32F1xx_HAL_Driver/Src/stm32f1xx_hal.o
 .debug_abbrev  0x000000000000130c      0x313 ./Drivers/STM32F1xx_HAL_Driver/Src/stm32f1xx_hal_cortex.o
 .debug_abbrev  0x000000000000161f      0x1e8 ./Drivers/STM32F1xx_HAL_Driver/Src/stm32f1xx_hal_gpio.o
 .debug_abbrev  0x0000000000001807      0x273 ./Drivers/STM32F1xx_HAL_Driver/Src/stm32f1xx_hal_rcc.o
 .debug_abbrev  0x0000000000001a7a      0x25e ./Drivers/STM32F1xx_HAL_Driver/Src/stm32f1xx_hal_tim.o
 .debug_abbrev  0x0000000000001cd8      0x266 ./Drivers/STM32F1xx_HAL_Driver/Src/stm32f1xx_hal_tim_ex.o

.debug_aranges  0x0000000000000000      0xb10
 .debug_aranges
                0x0000000000000000       0x38 ./Core/Src/7segment_display.o
 .debug_aranges
                0x0000000000000038       0x30 ./Core/Src/Tasks.o
 .debug_aranges
                0x0000000000000068       0x58 ./Core/Src/button.o
 .debug_aranges
                0x00000000000000c0       0x58 ./Core/Src/fsm_traffic.o
 .debug_aranges
                0x0000000000000118       0x18 ./Core/Src/global.o
 .debug_aranges
                0x0000000000000130       0x50 ./Core/Src/led_display.o
 .debug_aranges
                0x0000000000000180       0x48 ./Core/Src/main.o
 .debug_aranges
                0x00000000000001c8       0x60 ./Core/Src/scheduler.o
 .debug_aranges
                0x0000000000000228       0x30 ./Core/Src/stm32f1xx_hal_msp.o
 .debug_aranges
                0x0000000000000258       0x68 ./Core/Src/stm32f1xx_it.o
 .debug_aranges
                0x00000000000002c0       0x28 ./Core/Src/system_stm32f1xx.o
 .debug_aranges
                0x00000000000002e8       0x28 ./Core/Startup/startup_stm32f103c6tx.o
 .debug_aranges
                0x0000000000000310       0xe0 ./Drivers/STM32F1xx_HAL_Driver/Src/stm32f1xx_hal.o
 .debug_aranges
                0x00000000000003f0      0x100 ./Drivers/STM32F1xx_HAL_Driver/Src/stm32f1xx_hal_cortex.o
 .debug_aranges
                0x00000000000004f0       0x58 ./Drivers/STM32F1xx_HAL_Driver/Src/stm32f1xx_hal_gpio.o
 .debug_aranges
                0x0000000000000548       0x90 ./Drivers/STM32F1xx_HAL_Driver/Src/stm32f1xx_hal_rcc.o
 .debug_aranges
                0x00000000000005d8      0x3d0 ./Drivers/STM32F1xx_HAL_Driver/Src/stm32f1xx_hal_tim.o
 .debug_aranges
                0x00000000000009a8      0x168 ./Drivers/STM32F1xx_HAL_Driver/Src/stm32f1xx_hal_tim_ex.o

.debug_ranges   0x0000000000000000      0x9f0
 .debug_ranges  0x0000000000000000       0x28 ./Core/Src/7segment_display.o
 .debug_ranges  0x0000000000000028       0x20 ./Core/Src/Tasks.o
 .debug_ranges  0x0000000000000048       0x48 ./Core/Src/button.o
 .debug_ranges  0x0000000000000090       0x48 ./Core/Src/fsm_traffic.o
 .debug_ranges  0x00000000000000d8       0x40 ./Core/Src/led_display.o
 .debug_ranges  0x0000000000000118       0x38 ./Core/Src/main.o
 .debug_ranges  0x0000000000000150       0x50 ./Core/Src/scheduler.o
 .debug_ranges  0x00000000000001a0       0x20 ./Core/Src/stm32f1xx_hal_msp.o
 .debug_ranges  0x00000000000001c0       0x58 ./Core/Src/stm32f1xx_it.o
 .debug_ranges  0x0000000000000218       0x18 ./Core/Src/system_stm32f1xx.o
 .debug_ranges  0x0000000000000230       0x20 ./Core/Startup/startup_stm32f103c6tx.o
 .debug_ranges  0x0000000000000250       0xd0 ./Drivers/STM32F1xx_HAL_Driver/Src/stm32f1xx_hal.o
 .debug_ranges  0x0000000000000320       0xf0 ./Drivers/STM32F1xx_HAL_Driver/Src/stm32f1xx_hal_cortex.o
 .debug_ranges  0x0000000000000410       0x48 ./Drivers/STM32F1xx_HAL_Driver/Src/stm32f1xx_hal_gpio.o
 .debug_ranges  0x0000000000000458       0x80 ./Drivers/STM32F1xx_HAL_Driver/Src/stm32f1xx_hal_rcc.o
 .debug_ranges  0x00000000000004d8      0x3c0 ./Drivers/STM32F1xx_HAL_Driver/Src/stm32f1xx_hal_tim.o
 .debug_ranges  0x0000000000000898      0x158 ./Drivers/STM32F1xx_HAL_Driver/Src/stm32f1xx_hal_tim_ex.o

.debug_macro    0x0000000000000000    0x17d6f
 .debug_macro   0x0000000000000000      0x1b9 ./Core/Src/7segment_display.o
 .debug_macro   0x00000000000001b9      0xa9c ./Core/Src/7segment_display.o
 .debug_macro   0x0000000000000c55      0x215 ./Core/Src/7segment_display.o
 .debug_macro   0x0000000000000e6a       0x2e ./Core/Src/7segment_display.o
 .debug_macro   0x0000000000000e98       0x22 ./Core/Src/7segment_display.o
 .debug_macro   0x0000000000000eba       0x22 ./Core/Src/7segment_display.o
 .debug_macro   0x0000000000000edc       0x8e ./Core/Src/7segment_display.o
 .debug_macro   0x0000000000000f6a       0x51 ./Core/Src/7segment_display.o
 .debug_macro   0x0000000000000fbb      0x103 ./Core/Src/7segment_display.o
 .debug_macro   0x00000000000010be       0x6a ./Core/Src/7segment_display.o
 .debug_macro   0x0000000000001128      0x1df ./Core/Src/7segment_display.o
 .debug_macro   0x0000000000001307       0x1c ./Core/Src/7segment_display.o
 .debug_macro   0x0000000000001323       0x22 ./Core/Src/7segment_display.o
 .debug_macro   0x0000000000001345       0xc3 ./Core/Src/7segment_display.o
 .debug_macro   0x0000000000001408      0xd23 ./Core/Src/7segment_display.o
 .debug_macro   0x000000000000212b     0xde75 ./Core/Src/7segment_display.o
 .debug_macro   0x000000000000ffa0       0x6d ./Core/Src/7segment_display.o
 .debug_macro   0x000000000001000d     0x34a2 ./Core/Src/7segment_display.o
 .debug_macro   0x00000000000134af      0x174 ./Core/Src/7segment_display.o
 .debug_macro   0x0000000000013623       0x5c ./Core/Src/7segment_display.o
 .debug_macro   0x000000000001367f      0x5bc ./Core/Src/7segment_display.o
 .debug_macro   0x0000000000013c3b      0x1b7 ./Core/Src/7segment_display.o
 .debug_macro   0x0000000000013df2      0x1cb ./Core/Src/7segment_display.o
 .debug_macro   0x0000000000013fbd      0x114 ./Core/Src/7segment_display.o
 .debug_macro   0x00000000000140d1      0x1b2 ./Core/Src/7segment_display.o
 .debug_macro   0x0000000000014283       0x27 ./Core/Src/7segment_display.o
 .debug_macro   0x00000000000142aa      0x12f ./Core/Src/7segment_display.o
 .debug_macro   0x00000000000143d9      0x1bc ./Core/Src/7segment_display.o
 .debug_macro   0x0000000000014595       0x34 ./Core/Src/7segment_display.o
 .debug_macro   0x00000000000145c9       0x3c ./Core/Src/7segment_display.o
 .debug_macro   0x0000000000014605       0x57 ./Core/Src/7segment_display.o
 .debug_macro   0x000000000001465c       0x87 ./Core/Src/7segment_display.o
 .debug_macro   0x00000000000146e3      0x183 ./Core/Src/7segment_display.o
 .debug_macro   0x0000000000014866      0x140 ./Core/Src/7segment_display.o
 .debug_macro   0x00000000000149a6      0x8ed ./Core/Src/7segment_display.o
 .debug_macro   0x0000000000015293       0x69 ./Core/Src/7segment_display.o
 .debug_macro   0x00000000000152fc      0x160 ./Core/Src/7segment_display.o
 .debug_macro   0x000000000001545c       0x28 ./Core/Src/7segment_display.o
 .debug_macro   0x0000000000015484      0x37d ./Core/Src/Tasks.o
 .debug_macro   0x0000000000015801       0x16 ./Core/Src/Tasks.o
 .debug_macro   0x0000000000015817       0x52 ./Core/Src/Tasks.o
 .debug_macro   0x0000000000015869       0x52 ./Core/Src/Tasks.o
 .debug_macro   0x00000000000158bb       0x18 ./Core/Src/Tasks.o
 .debug_macro   0x00000000000158d3       0x3c ./Core/Src/Tasks.o
 .debug_macro   0x000000000001590f       0x34 ./Core/Src/Tasks.o
 .debug_macro   0x0000000000015943       0x16 ./Core/Src/Tasks.o
 .debug_macro   0x0000000000015959       0x35 ./Core/Src/Tasks.o
 .debug_macro   0x000000000001598e      0x333 ./Core/Src/Tasks.o
 .debug_macro   0x0000000000015cc1       0x10 ./Core/Src/Tasks.o
 .debug_macro   0x0000000000015cd1       0x16 ./Core/Src/Tasks.o
 .debug_macro   0x0000000000015ce7       0x43 ./Core/Src/Tasks.o
 .debug_macro   0x0000000000015d2a       0x34 ./Core/Src/Tasks.o
 .debug_macro   0x0000000000015d5e       0x10 ./Core/Src/Tasks.o
 .debug_macro   0x0000000000015d6e       0x58 ./Core/Src/Tasks.o
 .debug_macro   0x0000000000015dc6       0x71 ./Core/Src/Tasks.o
 .debug_macro   0x0000000000015e37       0x1c ./Core/Src/Tasks.o
 .debug_macro   0x0000000000015e53      0x12a ./Core/Src/Tasks.o
 .debug_macro   0x0000000000015f7d       0x10 ./Core/Src/Tasks.o
 .debug_macro   0x0000000000015f8d       0x1c ./Core/Src/Tasks.o
 .debug_macro   0x0000000000015fa9       0x52 ./Core/Src/Tasks.o
 .debug_macro   0x0000000000015ffb       0x22 ./Core/Src/Tasks.o
 .debug_macro   0x000000000001601d       0x10 ./Core/Src/Tasks.o
 .debug_macro   0x000000000001602d       0x40 ./Core/Src/Tasks.o
 .debug_macro   0x000000000001606d       0xd5 ./Core/Src/Tasks.o
 .debug_macro   0x0000000000016142       0x1c ./Core/Src/Tasks.o
 .debug_macro   0x000000000001615e       0x3d ./Core/Src/Tasks.o
 .debug_macro   0x000000000001619b       0x16 ./Core/Src/Tasks.o
 .debug_macro   0x00000000000161b1      0x145 ./Core/Src/Tasks.o
 .debug_macro   0x00000000000162f6       0x16 ./Core/Src/Tasks.o
 .debug_macro   0x000000000001630c       0x20 ./Core/Src/Tasks.o
 .debug_macro   0x000000000001632c       0x28 ./Core/Src/Tasks.o
 .debug_macro   0x0000000000016354      0x1b5 ./Core/Src/button.o
 .debug_macro   0x0000000000016509       0x10 ./Core/Src/button.o
 .debug_macro   0x0000000000016519      0x1d6 ./Core/Src/fsm_traffic.o
 .debug_macro   0x00000000000166ef       0x1a ./Core/Src/global.o
 .debug_macro   0x0000000000016709      0x1b9 ./Core/Src/led_display.o
 .debug_macro   0x00000000000168c2      0x393 ./Core/Src/main.o
 .debug_macro   0x0000000000016c55       0x4c ./Core/Src/main.o
 .debug_macro   0x0000000000016ca1      0x1b5 ./Core/Src/scheduler.o
 .debug_macro   0x0000000000016e56      0x1a6 ./Core/Src/stm32f1xx_hal_msp.o
 .debug_macro   0x0000000000016ffc      0x1b0 ./Core/Src/stm32f1xx_it.o
 .debug_macro   0x00000000000171ac      0x197 ./Core/Src/system_stm32f1xx.o
 .debug_macro   0x0000000000017343      0x1bb ./Drivers/STM32F1xx_HAL_Driver/Src/stm32f1xx_hal.o
 .debug_macro   0x00000000000174fe      0x197 ./Drivers/STM32F1xx_HAL_Driver/Src/stm32f1xx_hal_cortex.o
 .debug_macro   0x0000000000017695      0x202 ./Drivers/STM32F1xx_HAL_Driver/Src/stm32f1xx_hal_gpio.o
 .debug_macro   0x0000000000017897      0x1a9 ./Drivers/STM32F1xx_HAL_Driver/Src/stm32f1xx_hal_rcc.o
 .debug_macro   0x0000000000017a40      0x198 ./Drivers/STM32F1xx_HAL_Driver/Src/stm32f1xx_hal_tim.o
 .debug_macro   0x0000000000017bd8      0x197 ./Drivers/STM32F1xx_HAL_Driver/Src/stm32f1xx_hal_tim_ex.o

.debug_line     0x0000000000000000     0xc9a1
 .debug_line    0x0000000000000000      0x754 ./Core/Src/7segment_display.o
 .debug_line    0x0000000000000754      0x904 ./Core/Src/Tasks.o
 .debug_line    0x0000000000001058      0x7ed ./Core/Src/button.o
 .debug_line    0x0000000000001845      0xa92 ./Core/Src/fsm_traffic.o
 .debug_line    0x00000000000022d7       0x4d ./Core/Src/global.o
 .debug_line    0x0000000000002324      0x7a1 ./Core/Src/led_display.o
 .debug_line    0x0000000000002ac5      0xa06 ./Core/Src/main.o
 .debug_line    0x00000000000034cb      0x94f ./Core/Src/scheduler.o
 .debug_line    0x0000000000003e1a      0x6a1 ./Core/Src/stm32f1xx_hal_msp.o
 .debug_line    0x00000000000044bb      0x73f ./Core/Src/stm32f1xx_it.o
 .debug_line    0x0000000000004bfa      0x6e3 ./Core/Src/system_stm32f1xx.o
 .debug_line    0x00000000000052dd       0x86 ./Core/Startup/startup_stm32f103c6tx.o
 .debug_line    0x0000000000005363      0x910 ./Drivers/STM32F1xx_HAL_Driver/Src/stm32f1xx_hal.o
 .debug_line    0x0000000000005c73      0xaf8 ./Drivers/STM32F1xx_HAL_Driver/Src/stm32f1xx_hal_cortex.o
 .debug_line    0x000000000000676b      0x993 ./Drivers/STM32F1xx_HAL_Driver/Src/stm32f1xx_hal_gpio.o
 .debug_line    0x00000000000070fe      0xd1c ./Drivers/STM32F1xx_HAL_Driver/Src/stm32f1xx_hal_rcc.o
 .debug_line    0x0000000000007e1a     0x3361 ./Drivers/STM32F1xx_HAL_Driver/Src/stm32f1xx_hal_tim.o
 .debug_line    0x000000000000b17b     0x1826 ./Drivers/STM32F1xx_HAL_Driver/Src/stm32f1xx_hal_tim_ex.o

.debug_str      0x0000000000000000    0x86d6f
 .debug_str     0x0000000000000000    0x7fcaf ./Core/Src/7segment_display.o
                                      0x80001 (size before relaxing)
 .debug_str     0x000000000007fcaf     0x4426 ./Core/Src/Tasks.o
                                      0x843e8 (size before relaxing)
 .debug_str     0x00000000000840d5       0xe4 ./Core/Src/button.o
                                      0x7fe71 (size before relaxing)
 .debug_str     0x00000000000841b9       0xc9 ./Core/Src/fsm_traffic.o
                                      0x80085 (size before relaxing)
 .debug_str     0x0000000000084282       0x15 ./Core/Src/global.o
                                       0x2fd6 (size before relaxing)
 .debug_str     0x0000000000084297       0xb5 ./Core/Src/led_display.o
                                      0x8003d (size before relaxing)
 .debug_str     0x000000000008434c      0x6d8 ./Core/Src/main.o
                                      0x84b6d (size before relaxing)
 .debug_str     0x0000000000084a24       0xf9 ./Core/Src/scheduler.o
                                      0x7ffa4 (size before relaxing)
 .debug_str     0x0000000000084b1d      0x2ba ./Core/Src/stm32f1xx_hal_msp.o
                                      0x80527 (size before relaxing)
 .debug_str     0x0000000000084dd7       0xcd ./Core/Src/stm32f1xx_it.o
                                      0x80289 (size before relaxing)
 .debug_str     0x0000000000084ea4       0x52 ./Core/Src/system_stm32f1xx.o
                                      0x7f7a0 (size before relaxing)
 .debug_str     0x0000000000084ef6       0x36 ./Core/Startup/startup_stm32f103c6tx.o
                                         0x94 (size before relaxing)
 .debug_str     0x0000000000084f2c      0x304 ./Drivers/STM32F1xx_HAL_Driver/Src/stm32f1xx_hal.o
                                      0x7fdf7 (size before relaxing)
 .debug_str     0x0000000000085230      0x300 ./Drivers/STM32F1xx_HAL_Driver/Src/stm32f1xx_hal_cortex.o
                                      0x7fdff (size before relaxing)
 .debug_str     0x0000000000085530      0x324 ./Drivers/STM32F1xx_HAL_Driver/Src/stm32f1xx_hal_gpio.o
                                      0x7fb64 (size before relaxing)
 .debug_str     0x0000000000085854      0x24f ./Drivers/STM32F1xx_HAL_Driver/Src/stm32f1xx_hal_rcc.o
                                      0x7fb9d (size before relaxing)
 .debug_str     0x0000000000085aa3      0xdde ./Drivers/STM32F1xx_HAL_Driver/Src/stm32f1xx_hal_tim.o
                                      0x80b86 (size before relaxing)
 .debug_str     0x0000000000086881      0x4ee ./Drivers/STM32F1xx_HAL_Driver/Src/stm32f1xx_hal_tim_ex.o
                                      0x80327 (size before relaxing)

.comment        0x0000000000000000       0x53
 .comment       0x0000000000000000       0x53 ./Core/Src/7segment_display.o
                                         0x54 (size before relaxing)
 .comment       0x0000000000000053       0x54 ./Core/Src/Tasks.o
 .comment       0x0000000000000053       0x54 ./Core/Src/button.o
 .comment       0x0000000000000053       0x54 ./Core/Src/fsm_traffic.o
 .comment       0x0000000000000053       0x54 ./Core/Src/global.o
 .comment       0x0000000000000053       0x54 ./Core/Src/led_display.o
 .comment       0x0000000000000053       0x54 ./Core/Src/main.o
 .comment       0x0000000000000053       0x54 ./Core/Src/scheduler.o
 .comment       0x0000000000000053       0x54 ./Core/Src/stm32f1xx_hal_msp.o
 .comment       0x0000000000000053       0x54 ./Core/Src/stm32f1xx_it.o
 .comment       0x0000000000000053       0x54 ./Core/Src/system_stm32f1xx.o
 .comment       0x0000000000000053       0x54 ./Drivers/STM32F1xx_HAL_Driver/Src/stm32f1xx_hal.o
 .comment       0x0000000000000053       0x54 ./Drivers/STM32F1xx_HAL_Driver/Src/stm32f1xx_hal_cortex.o
 .comment       0x0000000000000053       0x54 ./Drivers/STM32F1xx_HAL_Driver/Src/stm32f1xx_hal_gpio.o
 .comment       0x0000000000000053       0x54 ./Drivers/STM32F1xx_HAL_Driver/Src/stm32f1xx_hal_rcc.o
 .comment       0x0000000000000053       0x54 ./Drivers/STM32F1xx_HAL_Driver/Src/stm32f1xx_hal_tim.o
 .comment       0x0000000000000053       0x54 ./Drivers/STM32F1xx_HAL_Driver/Src/stm32f1xx_hal_tim_ex.o

.debug_frame    0x0000000000000000     0x2b34
 .debug_frame   0x0000000000000000       0x98 ./Core/Src/7segment_display.o
 .debug_frame   0x0000000000000098       0x64 ./Core/Src/Tasks.o
 .debug_frame   0x00000000000000fc      0x11c ./Core/Src/button.o
 .debug_frame   0x0000000000000218      0x104 ./Core/Src/fsm_traffic.o
 .debug_frame   0x000000000000031c      0x100 ./Core/Src/led_display.o
 .debug_frame   0x000000000000041c       0xd4 ./Core/Src/main.o
 .debug_frame   0x00000000000004f0      0x154 ./Core/Src/scheduler.o
 .debug_frame   0x0000000000000644       0x80 ./Core/Src/stm32f1xx_hal_msp.o
 .debug_frame   0x00000000000006c4      0x120 ./Core/Src/stm32f1xx_it.o
 .debug_frame   0x00000000000007e4       0x58 ./Core/Src/system_stm32f1xx.o
 .debug_frame   0x000000000000083c      0x334 ./Drivers/STM32F1xx_HAL_Driver/Src/stm32f1xx_hal.o
 .debug_frame   0x0000000000000b70      0x428 ./Drivers/STM32F1xx_HAL_Driver/Src/stm32f1xx_hal_cortex.o
 .debug_frame   0x0000000000000f98      0x14c ./Drivers/STM32F1xx_HAL_Driver/Src/stm32f1xx_hal_gpio.o
 .debug_frame   0x00000000000010e4      0x218 ./Drivers/STM32F1xx_HAL_Driver/Src/stm32f1xx_hal_rcc.o
 .debug_frame   0x00000000000012fc     0x11b4 ./Drivers/STM32F1xx_HAL_Driver/Src/stm32f1xx_hal_tim.o
 .debug_frame   0x00000000000024b0      0x638 ./Drivers/STM32F1xx_HAL_Driver/Src/stm32f1xx_hal_tim_ex.o
 .debug_frame   0x0000000000002ae8       0x2c c:/st/stm32cubeide_1.7.0/stm32cubeide/plugins/com.st.stm32cube.ide.mcu.externaltools.gnu-tools-for-stm32.9-2020-q2-update.win32_2.0.0.202105311346/tools/bin/../lib/gcc/arm-none-eabi/9.3.1/../../../../arm-none-eabi/lib/thumb/v7-m/nofp\libc_nano.a(lib_a-init.o)
 .debug_frame   0x0000000000002b14       0x20 c:/st/stm32cubeide_1.7.0/stm32cubeide/plugins/com.st.stm32cube.ide.mcu.externaltools.gnu-tools-for-stm32.9-2020-q2-update.win32_2.0.0.202105311346/tools/bin/../lib/gcc/arm-none-eabi/9.3.1/../../../../arm-none-eabi/lib/thumb/v7-m/nofp\libc_nano.a(lib_a-memset.o)
