i2c-lcd.c:21:13:i2c_delay	16	static
i2c-lcd.c:26:13:SCL_HIGH	8	static
i2c-lcd.c:27:13:SCL_LOW	8	static
i2c-lcd.c:28:13:SDA_HIGH	8	static
i2c-lcd.c:29:13:SDA_LOW	8	static
i2c-lcd.c:31:13:i2c_start	8	static
i2c-lcd.c:39:13:i2c_stop	8	static
i2c-lcd.c:46:13:i2c_write_byte	24	static
i2c-lcd.c:61:13:i2c_transmit	24	static
i2c-lcd.c:75:6:lcd_send_cmd	24	static
i2c-lcd.c:88:6:lcd_send_data	24	static
i2c-lcd.c:101:6:lcd_init	32	static
i2c-lcd.c:125:6:lcd_send_string	16	static
i2c-lcd.c:130:6:lcd_clear_display	8	static
i2c-lcd.c:136:6:lcd_goto_XY	24	static
i2c-lcd.c:151:20:get_mode_name	4	static
i2c-lcd.c:162:6:lcd_update_display	40	static
