Archive member included to satisfy reference by file (symbol)

c:/st/stm32cubeide_1.7.0/stm32cubeide/plugins/com.st.stm32cube.ide.mcu.externaltools.gnu-tools-for-stm32.9-2020-q2-update.win32_2.0.0.202105311346/tools/bin/../lib/gcc/arm-none-eabi/9.3.1/../../../../arm-none-eabi/lib/thumb/v7-m/nofp\libc_nano.a(lib_a-errno.o)
                              ./Core/Src/syscalls.o (__errno)
c:/st/stm32cubeide_1.7.0/stm32cubeide/plugins/com.st.stm32cube.ide.mcu.externaltools.gnu-tools-for-stm32.9-2020-q2-update.win32_2.0.0.202105311346/tools/bin/../lib/gcc/arm-none-eabi/9.3.1/../../../../arm-none-eabi/lib/thumb/v7-m/nofp\libc_nano.a(lib_a-exit.o)
                              c:/st/stm32cubeide_1.7.0/stm32cubeide/plugins/com.st.stm32cube.ide.mcu.externaltools.gnu-tools-for-stm32.9-2020-q2-update.win32_2.0.0.202105311346/tools/bin/../lib/gcc/arm-none-eabi/9.3.1/../../../../arm-none-eabi/lib/thumb/v7-m/nofp/crt0.o (exit)
c:/st/stm32cubeide_1.7.0/stm32cubeide/plugins/com.st.stm32cube.ide.mcu.externaltools.gnu-tools-for-stm32.9-2020-q2-update.win32_2.0.0.202105311346/tools/bin/../lib/gcc/arm-none-eabi/9.3.1/../../../../arm-none-eabi/lib/thumb/v7-m/nofp\libc_nano.a(lib_a-impure.o)
                              c:/st/stm32cubeide_1.7.0/stm32cubeide/plugins/com.st.stm32cube.ide.mcu.externaltools.gnu-tools-for-stm32.9-2020-q2-update.win32_2.0.0.202105311346/tools/bin/../lib/gcc/arm-none-eabi/9.3.1/../../../../arm-none-eabi/lib/thumb/v7-m/nofp\libc_nano.a(lib_a-exit.o) (_global_impure_ptr)
c:/st/stm32cubeide_1.7.0/stm32cubeide/plugins/com.st.stm32cube.ide.mcu.externaltools.gnu-tools-for-stm32.9-2020-q2-update.win32_2.0.0.202105311346/tools/bin/../lib/gcc/arm-none-eabi/9.3.1/../../../../arm-none-eabi/lib/thumb/v7-m/nofp\libc_nano.a(lib_a-init.o)
                              c:/st/stm32cubeide_1.7.0/stm32cubeide/plugins/com.st.stm32cube.ide.mcu.externaltools.gnu-tools-for-stm32.9-2020-q2-update.win32_2.0.0.202105311346/tools/bin/../lib/gcc/arm-none-eabi/9.3.1/../../../../arm-none-eabi/lib/thumb/v7-m/nofp/crt0.o (__libc_init_array)
c:/st/stm32cubeide_1.7.0/stm32cubeide/plugins/com.st.stm32cube.ide.mcu.externaltools.gnu-tools-for-stm32.9-2020-q2-update.win32_2.0.0.202105311346/tools/bin/../lib/gcc/arm-none-eabi/9.3.1/../../../../arm-none-eabi/lib/thumb/v7-m/nofp\libc_nano.a(lib_a-memset.o)
                              c:/st/stm32cubeide_1.7.0/stm32cubeide/plugins/com.st.stm32cube.ide.mcu.externaltools.gnu-tools-for-stm32.9-2020-q2-update.win32_2.0.0.202105311346/tools/bin/../lib/gcc/arm-none-eabi/9.3.1/../../../../arm-none-eabi/lib/thumb/v7-m/nofp/crt0.o (memset)
c:/st/stm32cubeide_1.7.0/stm32cubeide/plugins/com.st.stm32cube.ide.mcu.externaltools.gnu-tools-for-stm32.9-2020-q2-update.win32_2.0.0.202105311346/tools/bin/../lib/gcc/arm-none-eabi/9.3.1/../../../../arm-none-eabi/lib/thumb/v7-m/nofp\libc_nano.a(lib_a-snprintf.o)
                              ./Core/Src/i2c-lcd.o (snprintf)
c:/st/stm32cubeide_1.7.0/stm32cubeide/plugins/com.st.stm32cube.ide.mcu.externaltools.gnu-tools-for-stm32.9-2020-q2-update.win32_2.0.0.202105311346/tools/bin/../lib/gcc/arm-none-eabi/9.3.1/../../../../arm-none-eabi/lib/thumb/v7-m/nofp\libc_nano.a(lib_a-nano-svfprintf.o)
                              c:/st/stm32cubeide_1.7.0/stm32cubeide/plugins/com.st.stm32cube.ide.mcu.externaltools.gnu-tools-for-stm32.9-2020-q2-update.win32_2.0.0.202105311346/tools/bin/../lib/gcc/arm-none-eabi/9.3.1/../../../../arm-none-eabi/lib/thumb/v7-m/nofp\libc_nano.a(lib_a-snprintf.o) (_svfprintf_r)
c:/st/stm32cubeide_1.7.0/stm32cubeide/plugins/com.st.stm32cube.ide.mcu.externaltools.gnu-tools-for-stm32.9-2020-q2-update.win32_2.0.0.202105311346/tools/bin/../lib/gcc/arm-none-eabi/9.3.1/../../../../arm-none-eabi/lib/thumb/v7-m/nofp\libc_nano.a(lib_a-nano-vfprintf_i.o)
                              c:/st/stm32cubeide_1.7.0/stm32cubeide/plugins/com.st.stm32cube.ide.mcu.externaltools.gnu-tools-for-stm32.9-2020-q2-update.win32_2.0.0.202105311346/tools/bin/../lib/gcc/arm-none-eabi/9.3.1/../../../../arm-none-eabi/lib/thumb/v7-m/nofp\libc_nano.a(lib_a-nano-svfprintf.o) (_printf_i)
c:/st/stm32cubeide_1.7.0/stm32cubeide/plugins/com.st.stm32cube.ide.mcu.externaltools.gnu-tools-for-stm32.9-2020-q2-update.win32_2.0.0.202105311346/tools/bin/../lib/gcc/arm-none-eabi/9.3.1/../../../../arm-none-eabi/lib/thumb/v7-m/nofp\libc_nano.a(lib_a-memchr-stub.o)
                              c:/st/stm32cubeide_1.7.0/stm32cubeide/plugins/com.st.stm32cube.ide.mcu.externaltools.gnu-tools-for-stm32.9-2020-q2-update.win32_2.0.0.202105311346/tools/bin/../lib/gcc/arm-none-eabi/9.3.1/../../../../arm-none-eabi/lib/thumb/v7-m/nofp\libc_nano.a(lib_a-nano-svfprintf.o) (memchr)
c:/st/stm32cubeide_1.7.0/stm32cubeide/plugins/com.st.stm32cube.ide.mcu.externaltools.gnu-tools-for-stm32.9-2020-q2-update.win32_2.0.0.202105311346/tools/bin/../lib/gcc/arm-none-eabi/9.3.1/../../../../arm-none-eabi/lib/thumb/v7-m/nofp\libc_nano.a(lib_a-memcpy-stub.o)
[...]
Memory Configuration

Name             Origin             Length             Attributes
RAM              0x0000000020000000 0x0000000000002800 xrw
FLASH            0x0000000008000000 0x0000000000008000 xr
*default*        0x0000000000000000 0xffffffffffffffff

Linker script and memory map

LOAD c:/st/stm32cubeide_1.7.0/stm32cubeide/plugins/com.st.stm32cube.ide.mcu.externaltools.gnu-tools-for-stm32.9-2020-q2-update.win32_2.0.0.202105311346/tools/bin/../lib/gcc/arm-none-eabi/9.3.1/thumb/v7-m/nofp/crti.o
LOAD c:/st/stm32cubeide_1.7.0/stm32cubeide/plugins/com.st.stm32cube.ide.mcu.externaltools.gnu-tools-for-stm32.9-2020-q2-update.win32_2.0.0.202105311346/tools/bin/../lib/gcc/arm-none-eabi/9.3.1/thumb/v7-m/nofp/crtbegin.o
LOAD c:/st/stm32cubeide_1.7.0/stm32cubeide/plugins/com.st.stm32cube.ide.mcu.externaltools.gnu-tools-for-stm32.9-2020-q2-update.win32_2.0.0.202105311346/tools/bin/../lib/gcc/arm-none-eabi/9.3.1/../../../../arm-none-eabi/lib/thumb/v7-m/nofp/crt0.o
LOAD ./Core/Src/7segment_display.o
LOAD ./Core/Src/Tasks.o
LOAD ./Core/Src/button.o
LOAD ./Core/Src/fsm_traffic.o
LOAD ./Core/Src/global.o
LOAD ./Core/Src/i2c-lcd.o
LOAD ./Core/Src/led_display.o
LOAD ./Core/Src/main.o
LOAD ./Core/Src/scheduler.o
LOAD ./Core/Src/software_timer.o
LOAD ./Core/Src/stm32f1xx_hal_msp.o
LOAD ./Core/Src/stm32f1xx_it.o
LOAD ./Core/Src/syscalls.o
LOAD ./Core/Src/sysmem.o
LOAD ./Core/Src/system_stm32f1xx.o
LOAD ./Core/Startup/startup_stm32f103c6tx.o
LOAD ./Drivers/STM32F1xx_HAL_Driver/Src/stm32f1xx_hal.o
LOAD ./Drivers/STM32F1xx_HAL_Driver/Src/stm32f1xx_hal_cortex.o
LOAD ./Drivers/STM32F1xx_HAL_Driver/Src/stm32f1xx_hal_dma.o
LOAD ./Drivers/STM32F1xx_HAL_Driver/Src/stm32f1xx_hal_exti.o
LOAD ./Drivers/STM32F1xx_HAL_Driver/Src/stm32f1xx_hal_flash.o
LOAD ./Drivers/STM32F1xx_HAL_Driver/Src/stm32f1xx_hal_flash_ex.o
LOAD ./Drivers/STM32F1xx_HAL_Driver/Src/stm32f1xx_hal_gpio.o
LOAD ./Drivers/STM32F1xx_HAL_Driver/Src/stm32f1xx_hal_gpio_ex.o
LOAD ./Drivers/STM32F1xx_HAL_Driver/Src/stm32f1xx_hal_pwr.o
LOAD ./Drivers/STM32F1xx_HAL_Driver/Src/stm32f1xx_hal_rcc.o
LOAD ./Drivers/STM32F1xx_HAL_Driver/Src/stm32f1xx_hal_rcc_ex.o
LOAD ./Drivers/STM32F1xx_HAL_Driver/Src/stm32f1xx_hal_tim.o
LOAD ./Drivers/STM32F1xx_HAL_Driver/Src/stm32f1xx_hal_tim_ex.o
START GROUP
LOAD c:/st/stm32cubeide_1.7.0/stm32cubeide/plugins/com.st.stm32cube.ide.mcu.externaltools.gnu-tools-for-stm32.9-2020-q2-update.win32_2.0.0.202105311346/tools/bin/../lib/gcc/arm-none-eabi/9.3.1/../../../../arm-none-eabi/lib/thumb/v7-m/nofp\libc_nano.a
LOAD c:/st/stm32cubeide_1.7.0/stm32cubeide/plugins/com.st.stm32cube.ide.mcu.externaltools.gnu-tools-for-stm32.9-2020-q2-update.win32_2.0.0.202105311346/tools/bin/../lib/gcc/arm-none-eabi/9.3.1/../../../../arm-none-eabi/lib/thumb/v7-m/nofp\libm.a
END GROUP
START GROUP
LOAD c:/st/stm32cubeide_1.7.0/stm32cubeide/plugins/com.st.stm32cube.ide.mcu.externaltools.gnu-tools-for-stm32.9-2020-q2-update.win32_2.0.0.202105311346/tools/bin/../lib/gcc/arm-none-eabi/9.3.1/thumb/v7-m/nofp\libgcc.a
LOAD c:/st/stm32cubeide_1.7.0/stm32cubeide/plugins/com.st.stm32cube.ide.mcu.externaltools.gnu-tools-for-stm32.9-2020-q2-update.win32_2.0.0.202105311346/tools/bin/../lib/gcc/arm-none-eabi/9.3.1/../../../../arm-none-eabi/lib/thumb/v7-m/nofp\libc_nano.a
END GROUP
START GROUP
LOAD c:/st/stm32cubeide_1.7.0/stm32cubeide/plugins/com.st.stm32cube.ide.mcu.externaltools.gnu-tools-for-stm32.9-2020-q2-update.win32_2.0.0.202105311346/tools/bin/../lib/gcc/arm-none-eabi/9.3.1/thumb/v7-m/nofp\libgcc.a
LOAD c:/st/stm32cubeide_1.7.0/stm32cubeide/plugins/com.st.stm32cube.ide.mcu.externaltools.gnu-tools-for-stm32.9-2020-q2-update.win32_2.0.0.202105311346/tools/bin/../lib/gcc/arm-none-eabi/9.3.1/../../../../arm-none-eabi/lib/thumb/v7-m/nofp\libc_nano.a
LOAD c:/st/stm32cubeide_1.7.0/stm32cubeide/plugins/com.st.stm32cube.ide.mcu.externaltools.gnu-tools-for-stm32.9-2020-q2-update.win32_2.0.0.202105311346/tools/bin/../lib/gcc/arm-none-eabi/9.3.1/../../../../arm-none-eabi/lib/thumb/v7-m/nofp\libnosys.a
END GROUP
START GROUP
LOAD c:/st/stm32cubeide_1.7.0/stm32cubeide/plugins/com.st.stm32cube.ide.mcu.externaltools.gnu-tools-for-stm32.9-2020-q2-update.win32_2.0.0.202105311346/tools/bin/../lib/gcc/arm-none-eabi/9.3.1/thumb/v7-m/nofp\libgcc.a
LOAD c:/st/stm32cubeide_1.7.0/stm32cubeide/plugins/com.st.stm32cube.ide.mcu.externaltools.gnu-tools-for-stm32.9-2020-q2-update.win32_2.0.0.202105311346/tools/bin/../lib/gcc/arm-none-eabi/9.3.1/../../../../arm-none-eabi/lib/thumb/v7-m/nofp\libc_nano.a
LOAD c:/st/stm32cubeide_1.7.0/stm32cubeide/plugins/com.st.stm32cube.ide.mcu.externaltools.gnu-tools-for-stm32.9-2020-q2-update.win32_2.0.0.202105311346/tools/bin/../lib/gcc/arm-none-eabi/9.3.1/../../../../arm-none-eabi/lib/thumb/v7-m/nofp\libnosys.a
END GROUP
LOAD c:/st/stm32cubeide_1.7.0/stm32cubeide/plugins/com.st.stm32cube.ide.mcu.externaltools.gnu-tools-for-stm32.9-2020-q2-update.win32_2.0.0.202105311346/tools/bin/../lib/gcc/arm-none-eabi/9.3.1/thumb/v7-m/nofp/crtend.o
LOAD c:/st/stm32cubeide_1.7.0/stm32cubeide/plugins/com.st.stm32cube.ide.mcu.externaltools.gnu-tools-for-stm32.9-2020-q2-update.win32_2.0.0.202105311346/tools/bin/../lib/gcc/arm-none-eabi/9.3.1/thumb/v7-m/nofp/crtn.o
                0x0000000020002800                _estack = (ORIGIN (RAM) + LENGTH (RAM))
                0x0000000000000200                _Min_Heap_Size = 0x200
                0x0000000000000400                _Min_Stack_Size = 0x400

.isr_vector     0x0000000008000000      0x10c
                0x0000000008000000                . = ALIGN (0x4)
 *(.isr_vector)
 .isr_vector    0x0000000008000000      0x10c ./Core/Startup/startup_stm32f103c6tx.o
                0x0000000008000000                g_pfnVectors
                0x000000000800010c                . = ALIGN (0x4)

.text           0x000000000800010c     0x3bfc
                0x000000000800010c                . = ALIGN (0x4)
 *(.text)
 .text          0x000000000800010c       0x40 c:/st/stm32cubeide_1.7.0/stm32cubeide/plugins/com.st.stm32cube.ide.mcu.externaltools.gnu-tools-for-stm32.9-2020-q2-update.win32_2.0.0.202105311346/tools/bin/../lib/gcc/arm-none-eabi/9.3.1/thumb/v7-m/nofp/crtbegin.o
 *(.text*)
 .text.update_7seg_display
                0x000000000800014c       0x5c ./Core/Src/7segment_display.o
                0x000000000800014c                update_7seg_display
 .text.display_7seg_left
                0x00000000080001a8       0xfc ./Core/Src/7segment_display.o
                0x00000000080001a8                display_7seg_left
 .text.display_7seg_right
                0x00000000080002a4       0xf8 ./Core/Src/7segment_display.o
                0x00000000080002a4                display_7seg_right
 .text.display_7seg_mode
                0x000000000800039c       0x74 ./Core/Src/7segment_display.o
                0x000000000800039c                display_7seg_mode
 .text.Task_Button_Scan
                0x0000000008000410        0xc ./Core/Src/Tasks.o
                0x0000000008000410                Task_Button_Scan
 .text.Task_Traffic_FSM
                0x000000000800041c        0xc ./Core/Src/Tasks.o
                0x000000000800041c                Task_Traffic_FSM
 .text.Task_Update_Display
                0x0000000008000428       0x14 ./Core/Src/Tasks.o
                0x0000000008000428                Task_Update_Display
 .text.isButton1Pressed
                0x000000000800043c       0x24 ./Core/Src/button.o
                0x000000000800043c                isButton1Pressed
 .text.isButton2Pressed
                0x0000000008000460       0x24 ./Core/Src/button.o
                0x0000000008000460                isButton2Pressed
 .text.isButton3Pressed
                0x0000000008000484       0x24 ./Core/Src/button.o
                0x0000000008000484                isButton3Pressed
 .text.subKeyProcess
                0x00000000080004a8       0x20 ./Core/Src/button.o
                0x00000000080004a8                subKeyProcess
 .text.getKeyInput
                0x00000000080004c8      0x180 ./Core/Src/button.o
                0x00000000080004c8                getKeyInput
 .text.traffic_init
                0x0000000008000648       0xdc ./Core/Src/fsm_traffic.o
                0x0000000008000648                traffic_init
 .text.traffic_run
                0x0000000008000724       0x48 ./Core/Src/fsm_traffic.o
                0x0000000008000724                traffic_run
 .text.update_button_state
                0x000000000800076c       0x8c ./Core/Src/fsm_traffic.o
                0x000000000800076c                update_button_state
 .text.fsm_normal_mode
                0x00000000080007f8      0x1ac ./Core/Src/fsm_traffic.o
                0x00000000080007f8                fsm_normal_mode
 .text.fsm_red_modify_mode
                0x00000000080009a4       0xa0 ./Core/Src/fsm_traffic.o
                0x00000000080009a4                fsm_red_modify_mode
 .text.fsm_amber_modify_mode
                0x0000000008000a44       0xa0 ./Core/Src/fsm_traffic.o
                0x0000000008000a44                fsm_amber_modify_mode
 .text.fsm_green_modify_mode
                0x0000000008000ae4       0xa0 ./Core/Src/fsm_traffic.o
                0x0000000008000ae4                fsm_green_modify_mode
 .text.auto_adjust_duration
                0x0000000008000b84      0x12c ./Core/Src/fsm_traffic.o
                0x0000000008000b84                auto_adjust_duration
 .text.i2c_delay
                0x0000000008000cb0       0x24 ./Core/Src/i2c-lcd.o
 .text.SCL_HIGH
                0x0000000008000cd4       0x18 ./Core/Src/i2c-lcd.o
 .text.SCL_LOW  0x0000000008000cec       0x18 ./Core/Src/i2c-lcd.o
 .text.SDA_HIGH
                0x0000000008000d04       0x18 ./Core/Src/i2c-lcd.o
 .text.SDA_LOW  0x0000000008000d1c       0x18 ./Core/Src/i2c-lcd.o
 .text.i2c_start
                0x0000000008000d34       0x28 ./Core/Src/i2c-lcd.o
 .text.i2c_stop
                0x0000000008000d5c       0x20 ./Core/Src/i2c-lcd.o
 .text.i2c_write_byte
                0x0000000008000d7c       0x6a ./Core/Src/i2c-lcd.o
 .text.i2c_transmit
                0x0000000008000de6       0x4e ./Core/Src/i2c-lcd.o
 .text.lcd_send_cmd
                0x0000000008000e34       0x56 ./Core/Src/i2c-lcd.o
                0x0000000008000e34                lcd_send_cmd
 .text.lcd_send_data
                0x0000000008000e8a       0x56 ./Core/Src/i2c-lcd.o
                0x0000000008000e8a                lcd_send_data
 .text.lcd_init
                0x0000000008000ee0       0xbc ./Core/Src/i2c-lcd.o
                0x0000000008000ee0                lcd_init
 .text.lcd_send_string
                0x0000000008000f9c       0x2a ./Core/Src/i2c-lcd.o
                0x0000000008000f9c                lcd_send_string
 .text.lcd_goto_XY
                0x0000000008000fc6       0x3c ./Core/Src/i2c-lcd.o
                0x0000000008000fc6                lcd_goto_XY
 *fill*         0x0000000008001002        0x2 
 .text.get_mode_name
                0x0000000008001004       0x58 ./Core/Src/i2c-lcd.o
 .text.lcd_update_display
                0x000000000800105c       0xa8 ./Core/Src/i2c-lcd.o
                0x000000000800105c                lcd_update_display
 .text.update_led_display
                0x0000000008001104      0x100 ./Core/Src/led_display.o
                0x0000000008001104                update_led_display
 .text.turn_off_all_leds
                0x0000000008001204       0x4c ./Core/Src/led_display.o
                0x0000000008001204                turn_off_all_leds
 .text.set_traffic_led
                0x0000000008001250       0xa8 ./Core/Src/led_display.o
                0x0000000008001250                set_traffic_led
 .text.displayLED_RED
                0x00000000080012f8       0x3c ./Core/Src/led_display.o
                0x00000000080012f8                displayLED_RED
 .text.displayLED_YELLOW
                0x0000000008001334       0x40 ./Core/Src/led_display.o
                0x0000000008001334                displayLED_YELLOW
 .text.displayLED_GREEN
                0x0000000008001374       0x3c ./Core/Src/led_display.o
                0x0000000008001374                displayLED_GREEN
 .text.handle_led_blinking
                0x00000000080013b0       0xcc ./Core/Src/led_display.o
                0x00000000080013b0                handle_led_blinking
 .text.HAL_TIM_PeriodElapsedCallback
                0x000000000800147c       0x1e ./Core/Src/main.o
                0x000000000800147c                HAL_TIM_PeriodElapsedCallback
 *fill*         0x000000000800149a        0x2 
 .text.main     0x000000000800149c       0x5c ./Core/Src/main.o
                0x000000000800149c                main
 .text.SystemClock_Config
                0x00000000080014f8       0x76 ./Core/Src/main.o
                0x00000000080014f8                SystemClock_Config
 *fill*         0x000000000800156e        0x2 
 .text.MX_TIM2_Init
                0x0000000008001570       0x98 ./Core/Src/main.o
 .text.MX_GPIO_Init
                0x0000000008001608       0xc8 ./Core/Src/main.o
 .text.Error_Handler
                0x00000000080016d0        0xa ./Core/Src/main.o
                0x00000000080016d0                Error_Handler
 *fill*         0x00000000080016da        0x2 
 .text.SCH_Init
                0x00000000080016dc       0xb4 ./Core/Src/scheduler.o
                0x00000000080016dc                SCH_Init
 .text.SCH_Add_Task
                0x0000000008001790      0x168 ./Core/Src/scheduler.o
                0x0000000008001790                SCH_Add_Task
 .text.SCH_Delete_Task
                0x00000000080018f8      0x140 ./Core/Src/scheduler.o
                0x00000000080018f8                SCH_Delete_Task
 .text.SCH_Update_Marking
                0x0000000008001a38       0x70 ./Core/Src/scheduler.o
 .text.SCH_Update
                0x0000000008001aa8       0x50 ./Core/Src/scheduler.o
                0x0000000008001aa8                SCH_Update
 .text.SCH_Dispatch_Tasks
                0x0000000008001af8      0x138 ./Core/Src/scheduler.o
                0x0000000008001af8                SCH_Dispatch_Tasks
 .text.HAL_MspInit
                0x0000000008001c30       0x64 ./Core/Src/stm32f1xx_hal_msp.o
                0x0000000008001c30                HAL_MspInit
 .text.HAL_TIM_Base_MspInit
                0x0000000008001c94       0x48 ./Core/Src/stm32f1xx_hal_msp.o
                0x0000000008001c94                HAL_TIM_Base_MspInit
 .text.NMI_Handler
                0x0000000008001cdc        0x6 ./Core/Src/stm32f1xx_it.o
                0x0000000008001cdc                NMI_Handler
 .text.HardFault_Handler
                0x0000000008001ce2        0x6 ./Core/Src/stm32f1xx_it.o
                0x0000000008001ce2                HardFault_Handler
 .text.MemManage_Handler
                0x0000000008001ce8        0x6 ./Core/Src/stm32f1xx_it.o
                0x0000000008001ce8                MemManage_Handler
 .text.BusFault_Handler
                0x0000000008001cee        0x6 ./Core/Src/stm32f1xx_it.o
                0x0000000008001cee                BusFault_Handler
 .text.UsageFault_Handler
                0x0000000008001cf4        0x6 ./Core/Src/stm32f1xx_it.o
                0x0000000008001cf4                UsageFault_Handler
 .text.SVC_Handler
                0x0000000008001cfa        0xc ./Core/Src/stm32f1xx_it.o
                0x0000000008001cfa                SVC_Handler
 .text.DebugMon_Handler
                0x0000000008001d06        0xc ./Core/Src/stm32f1xx_it.o
                0x0000000008001d06                DebugMon_Handler
 .text.PendSV_Handler
                0x0000000008001d12        0xc ./Core/Src/stm32f1xx_it.o
                0x0000000008001d12                PendSV_Handler
 .text.SysTick_Handler
                0x0000000008001d1e        0xc ./Core/Src/stm32f1xx_it.o
                0x0000000008001d1e                SysTick_Handler
 *fill*         0x0000000008001d2a        0x2 
 .text.TIM2_IRQHandler
                0x0000000008001d2c       0x14 ./Core/Src/stm32f1xx_it.o
                0x0000000008001d2c                TIM2_IRQHandler
 .text._sbrk    0x0000000008001d40       0x6c ./Core/Src/sysmem.o
                0x0000000008001d40                _sbrk
 .text.SystemInit
                0x0000000008001dac        0xc ./Core/Src/system_stm32f1xx.o
                0x0000000008001dac                SystemInit
 .text.Reset_Handler
                0x0000000008001db8       0x48 ./Core/Startup/startup_stm32f103c6tx.o
                0x0000000008001db8                Reset_Handler
 .text.Default_Handler
                0x0000000008001e00        0x2 ./Core/Startup/startup_stm32f103c6tx.o
                0x0000000008001e00                RTC_Alarm_IRQHandler
                0x0000000008001e00                EXTI2_IRQHandler
                0x0000000008001e00                TIM1_CC_IRQHandler
                0x0000000008001e00                PVD_IRQHandler
                0x0000000008001e00                EXTI3_IRQHandler
                0x0000000008001e00                EXTI0_IRQHandler
                0x0000000008001e00                ADC1_2_IRQHandler
                0x0000000008001e00                SPI1_IRQHandler
                0x0000000008001e00                TAMPER_IRQHandler
                0x0000000008001e00                DMA1_Channel4_IRQHandler
                0x0000000008001e00                RTC_IRQHandler
                0x0000000008001e00                DMA1_Channel7_IRQHandler
                0x0000000008001e00                CAN1_RX1_IRQHandler
                0x0000000008001e00                I2C1_EV_IRQHandler
                0x0000000008001e00                DMA1_Channel6_IRQHandler
                0x0000000008001e00                TIM3_IRQHandler
                0x0000000008001e00                RCC_IRQHandler
                0x0000000008001e00                TIM1_TRG_COM_IRQHandler
                0x0000000008001e00                DMA1_Channel1_IRQHandler
                0x0000000008001e00                Default_Handler
                0x0000000008001e00                EXTI15_10_IRQHandler
                0x0000000008001e00                EXTI9_5_IRQHandler
                0x0000000008001e00                DMA1_Channel5_IRQHandler
                0x0000000008001e00                EXTI4_IRQHandler
                0x0000000008001e00                USB_LP_CAN1_RX0_IRQHandler
                0x0000000008001e00                USB_HP_CAN1_TX_IRQHandler
                0x0000000008001e00                DMA1_Channel3_IRQHandler
                0x0000000008001e00                TIM1_UP_IRQHandler
                0x0000000008001e00                WWDG_IRQHandler
                0x0000000008001e00                TIM1_BRK_IRQHandler
                0x0000000008001e00                EXTI1_IRQHandler
                0x0000000008001e00                USART2_IRQHandler
                0x0000000008001e00                DMA1_Channel2_IRQHandler
                0x0000000008001e00                CAN1_SCE_IRQHandler
                0x0000000008001e00                FLASH_IRQHandler
                0x0000000008001e00                USART1_IRQHandler
                0x0000000008001e00                I2C1_ER_IRQHandler
                0x0000000008001e00                USBWakeUp_IRQHandler
 *fill*         0x0000000008001e02        0x2 
 .text.HAL_Init
                0x0000000008001e04       0x2c ./Drivers/STM32F1xx_HAL_Driver/Src/stm32f1xx_hal.o
                0x0000000008001e04                HAL_Init
 .text.HAL_InitTick
                0x0000000008001e30       0x60 ./Drivers/STM32F1xx_HAL_Driver/Src/stm32f1xx_hal.o
                0x0000000008001e30                HAL_InitTick
 .text.HAL_IncTick
                0x0000000008001e90       0x24 ./Drivers/STM32F1xx_HAL_Driver/Src/stm32f1xx_hal.o
                0x0000000008001e90                HAL_IncTick
 .text.HAL_GetTick
                0x0000000008001eb4       0x14 ./Drivers/STM32F1xx_HAL_Driver/Src/stm32f1xx_hal.o
                0x0000000008001eb4                HAL_GetTick
 .text.HAL_Delay
                0x0000000008001ec8       0x48 ./Drivers/STM32F1xx_HAL_Driver/Src/stm32f1xx_hal.o
                0x0000000008001ec8                HAL_Delay
 .text.__NVIC_SetPriorityGrouping
                0x0000000008001f10       0x48 ./Drivers/STM32F1xx_HAL_Driver/Src/stm32f1xx_hal_cortex.o
 .text.__NVIC_GetPriorityGrouping
                0x0000000008001f58       0x1c ./Drivers/STM32F1xx_HAL_Driver/Src/stm32f1xx_hal_cortex.o
 .text.__NVIC_EnableIRQ
                0x0000000008001f74       0x38 ./Drivers/STM32F1xx_HAL_Driver/Src/stm32f1xx_hal_cortex.o
 .text.__NVIC_SetPriority
                0x0000000008001fac       0x54 ./Drivers/STM32F1xx_HAL_Driver/Src/stm32f1xx_hal_cortex.o
 .text.NVIC_EncodePriority
                0x0000000008002000       0x64 ./Drivers/STM32F1xx_HAL_Driver/Src/stm32f1xx_hal_cortex.o
 .text.SysTick_Config
                0x0000000008002064       0x44 ./Drivers/STM32F1xx_HAL_Driver/Src/stm32f1xx_hal_cortex.o
 .text.HAL_NVIC_SetPriorityGrouping
                0x00000000080020a8       0x16 ./Drivers/STM32F1xx_HAL_Driver/Src/stm32f1xx_hal_cortex.o
                0x00000000080020a8                HAL_NVIC_SetPriorityGrouping
 .text.HAL_NVIC_SetPriority
                0x00000000080020be       0x38 ./Drivers/STM32F1xx_HAL_Driver/Src/stm32f1xx_hal_cortex.o
                0x00000000080020be                HAL_NVIC_SetPriority
 .text.HAL_NVIC_EnableIRQ
                0x00000000080020f6       0x1c ./Drivers/STM32F1xx_HAL_Driver/Src/stm32f1xx_hal_cortex.o
                0x00000000080020f6                HAL_NVIC_EnableIRQ
 .text.HAL_SYSTICK_Config
                0x0000000008002112       0x18 ./Drivers/STM32F1xx_HAL_Driver/Src/stm32f1xx_hal_cortex.o
                0x0000000008002112                HAL_SYSTICK_Config
 *fill*         0x000000000800212a        0x2 
 .text.HAL_GPIO_Init
                0x000000000800212c      0x2f4 ./Drivers/STM32F1xx_HAL_Driver/Src/stm32f1xx_hal_gpio.o
                0x000000000800212c                HAL_GPIO_Init
 .text.HAL_GPIO_ReadPin
                0x0000000008002420       0x2e ./Drivers/STM32F1xx_HAL_Driver/Src/stm32f1xx_hal_gpio.o
                0x0000000008002420                HAL_GPIO_ReadPin
 .text.HAL_GPIO_WritePin
                0x000000000800244e       0x30 ./Drivers/STM32F1xx_HAL_Driver/Src/stm32f1xx_hal_gpio.o
                0x000000000800244e                HAL_GPIO_WritePin
 *fill*         0x000000000800247e        0x2 
 .text.HAL_RCC_OscConfig
                0x0000000008002480      0x500 ./Drivers/STM32F1xx_HAL_Driver/Src/stm32f1xx_hal_rcc.o
                0x0000000008002480                HAL_RCC_OscConfig
 .text.HAL_RCC_ClockConfig
                0x0000000008002980      0x1d4 ./Drivers/STM32F1xx_HAL_Driver/Src/stm32f1xx_hal_rcc.o
                0x0000000008002980                HAL_RCC_ClockConfig
 .text.HAL_RCC_GetSysClockFreq
                0x0000000008002b54       0xa8 ./Drivers/STM32F1xx_HAL_Driver/Src/stm32f1xx_hal_rcc.o
                0x0000000008002b54                HAL_RCC_GetSysClockFreq
 .text.RCC_Delay
                0x0000000008002bfc       0x3c ./Drivers/STM32F1xx_HAL_Driver/Src/stm32f1xx_hal_rcc.o
 .text.HAL_TIM_Base_Init
                0x0000000008002c38       0x9e ./Drivers/STM32F1xx_HAL_Driver/Src/stm32f1xx_hal_tim.o
                0x0000000008002c38                HAL_TIM_Base_Init
 *fill*         0x0000000008002cd6        0x2 
 .text.HAL_TIM_Base_Start_IT
                0x0000000008002cd8       0x98 ./Drivers/STM32F1xx_HAL_Driver/Src/stm32f1xx_hal_tim.o
                0x0000000008002cd8                HAL_TIM_Base_Start_IT
 .text.HAL_TIM_IRQHandler
                0x0000000008002d70      0x1e0 ./Drivers/STM32F1xx_HAL_Driver/Src/stm32f1xx_hal_tim.o
                0x0000000008002d70                HAL_TIM_IRQHandler
 .text.HAL_TIM_ConfigClockSource
                0x0000000008002f50      0x18e ./Drivers/STM32F1xx_HAL_Driver/Src/stm32f1xx_hal_tim.o
                0x0000000008002f50                HAL_TIM_ConfigClockSource
 .text.HAL_TIM_OC_DelayElapsedCallback
                0x00000000080030de       0x12 ./Drivers/STM32F1xx_HAL_Driver/Src/stm32f1xx_hal_tim.o
                0x00000000080030de                HAL_TIM_OC_DelayElapsedCallback
 .text.HAL_TIM_IC_CaptureCallback
                0x00000000080030f0       0x12 ./Drivers/STM32F1xx_HAL_Driver/Src/stm32f1xx_hal_tim.o
                0x00000000080030f0                HAL_TIM_IC_CaptureCallback
 .text.HAL_TIM_PWM_PulseFinishedCallback
                0x0000000008003102       0x12 ./Drivers/STM32F1xx_HAL_Driver/Src/stm32f1xx_hal_tim.o
                0x0000000008003102                HAL_TIM_PWM_PulseFinishedCallback
 .text.HAL_TIM_TriggerCallback
                0x0000000008003114       0x12 ./Drivers/STM32F1xx_HAL_Driver/Src/stm32f1xx_hal_tim.o
                0x0000000008003114                HAL_TIM_TriggerCallback
 *fill*         0x0000000008003126        0x2 
 .text.TIM_Base_SetConfig
                0x0000000008003128       0xc8 ./Drivers/STM32F1xx_HAL_Driver/Src/stm32f1xx_hal_tim.o
                0x0000000008003128                TIM_Base_SetConfig
 .text.TIM_TI1_ConfigInputStage
                0x00000000080031f0       0x5c ./Drivers/STM32F1xx_HAL_Driver/Src/stm32f1xx_hal_tim.o
 .text.TIM_TI2_ConfigInputStage
                0x000000000800324c       0x5e ./Drivers/STM32F1xx_HAL_Driver/Src/stm32f1xx_hal_tim.o
 .text.TIM_ITRx_SetConfig
                0x00000000080032aa       0x34 ./Drivers/STM32F1xx_HAL_Driver/Src/stm32f1xx_hal_tim.o
 .text.TIM_ETR_SetConfig
                0x00000000080032de       0x3e ./Drivers/STM32F1xx_HAL_Driver/Src/stm32f1xx_hal_tim.o
                0x00000000080032de                TIM_ETR_SetConfig
 .text.HAL_TIMEx_MasterConfigSynchronization
                0x000000000800331c       0xb0 ./Drivers/STM32F1xx_HAL_Driver/Src/stm32f1xx_hal_tim_ex.o
                0x000000000800331c                HAL_TIMEx_MasterConfigSynchronization
 .text.HAL_TIMEx_CommutCallback
                0x00000000080033cc       0x12 ./Drivers/STM32F1xx_HAL_Driver/Src/stm32f1xx_hal_tim_ex.o
                0x00000000080033cc                HAL_TIMEx_CommutCallback
 .text.HAL_TIMEx_BreakCallback
                0x00000000080033de       0x12 ./Drivers/STM32F1xx_HAL_Driver/Src/stm32f1xx_hal_tim_ex.o
                0x00000000080033de                HAL_TIMEx_BreakCallback
 .text.__errno  0x00000000080033f0        0xc c:/st/stm32cubeide_1.7.0/stm32cubeide/plugins/com.st.stm32cube.ide.mcu.externaltools.gnu-tools-for-stm32.9-2020-q2-update.win32_2.0.0.202105311346/tools/bin/../lib/gcc/arm-none-eabi/9.3.1/../../../../arm-none-eabi/lib/thumb/v7-m/nofp\libc_nano.a(lib_a-errno.o)
                0x00000000080033f0                __errno
 .text.__libc_init_array
                0x00000000080033fc       0x48 c:/st/stm32cubeide_1.7.0/stm32cubeide/plugins/com.st.stm32cube.ide.mcu.externaltools.gnu-tools-for-stm32.9-2020-q2-update.win32_2.0.0.202105311346/tools/bin/../lib/gcc/arm-none-eabi/9.3.1/../../../../arm-none-eabi/lib/thumb/v7-m/nofp\libc_nano.a(lib_a-init.o)
                0x00000000080033fc                __libc_init_array
 .text.memset   0x0000000008003444       0x10 c:/st/stm32cubeide_1.7.0/stm32cubeide/plugins/com.st.stm32cube.ide.mcu.externaltools.gnu-tools-for-stm32.9-2020-q2-update.win32_2.0.0.202105311346/tools/bin/../lib/gcc/arm-none-eabi/9.3.1/../../../../arm-none-eabi/lib/thumb/v7-m/nofp\libc_nano.a(lib_a-memset.o)
                0x0000000008003444                memset
 .text.snprintf
                0x0000000008003454       0x68 c:/st/stm32cubeide_1.7.0/stm32cubeide/plugins/com.st.stm32cube.ide.mcu.externaltools.gnu-tools-for-stm32.9-2020-q2-update.win32_2.0.0.202105311346/tools/bin/../lib/gcc/arm-none-eabi/9.3.1/../../../../arm-none-eabi/lib/thumb/v7-m/nofp\libc_nano.a(lib_a-snprintf.o)
                0x0000000008003454                sniprintf
                0x0000000008003454                snprintf
 .text.__ssputs_r
                0x00000000080034bc       0xb6 c:/st/stm32cubeide_1.7.0/stm32cubeide/plugins/com.st.stm32cube.ide.mcu.externaltools.gnu-tools-for-stm32.9-2020-q2-update.win32_2.0.0.202105311346/tools/bin/../lib/gcc/arm-none-eabi/9.3.1/../../../../arm-none-eabi/lib/thumb/v7-m/nofp\libc_nano.a(lib_a-nano-svfprintf.o)
                0x00000000080034bc                __ssputs_r
 *fill*         0x0000000008003572        0x2 
 .text._svfprintf_r
                0x0000000008003574      0x200 c:/st/stm32cubeide_1.7.0/stm32cubeide/plugins/com.st.stm32cube.ide.mcu.externaltools.gnu-tools-for-stm32.9-2020-q2-update.win32_2.0.0.202105311346/tools/bin/../lib/gcc/arm-none-eabi/9.3.1/../../../../arm-none-eabi/lib/thumb/v7-m/nofp\libc_nano.a(lib_a-nano-svfprintf.o)
                0x0000000008003574                _svfiprintf_r
                0x0000000008003574                _svfprintf_r
 .text._printf_common
                0x0000000008003774       0xde c:/st/stm32cubeide_1.7.0/stm32cubeide/plugins/com.st.stm32cube.ide.mcu.externaltools.gnu-tools-for-stm32.9-2020-q2-update.win32_2.0.0.202105311346/tools/bin/../lib/gcc/arm-none-eabi/9.3.1/../../../../arm-none-eabi/lib/thumb/v7-m/nofp\libc_nano.a(lib_a-nano-vfprintf_i.o)
                0x0000000008003774                _printf_common
 *fill*         0x0000000008003852        0x2 
 .text._printf_i
                0x0000000008003854      0x24c c:/st/stm32cubeide_1.7.0/stm32cubeide/plugins/com.st.stm32cube.ide.mcu.externaltools.gnu-tools-for-stm32.9-2020-q2-update.win32_2.0.0.202105311346/tools/bin/../lib/gcc/arm-none-eabi/9.3.1/../../../../arm-none-eabi/lib/thumb/v7-m/nofp\libc_nano.a(lib_a-nano-vfprintf_i.o)
                0x0000000008003854                _printf_i
 .text.memchr   0x0000000008003aa0       0x1c c:/st/stm32cubeide_1.7.0/stm32cubeide/plugins/com.st.stm32cube.ide.mcu.externaltools.gnu-tools-for-stm32.9-2020-q2-update.win32_2.0.0.202105311346/tools/bin/../lib/gcc/arm-none-eabi/9.3.1/../../../../arm-none-eabi/lib/thumb/v7-m/nofp\libc_nano.a(lib_a-memchr-stub.o)
                0x0000000008003aa0                memchr
 .text.memcpy   0x0000000008003abc       0x1c c:/st/stm32cubeide_1.7.0/stm32cubeide/plugins/com.st.stm32cube.ide.mcu.externaltools.gnu-tools-for-stm32.9-2020-q2-update.win32_2.0.0.202105311346/tools/bin/../lib/gcc/arm-none-eabi/9.3.1/../../../../arm-none-eabi/lib/thumb/v7-m/nofp\libc_nano.a(lib_a-memcpy-stub.o)
                0x0000000008003abc                memcpy
 .text.memmove  0x0000000008003ad8       0x34 c:/st/stm32cubeide_1.7.0/stm32cubeide/plugins/com.st.stm32cube.ide.mcu.externaltools.gnu-tools-for-stm32.9-2020-q2-update.win32_2.0.0.202105311346/tools/bin/../lib/gcc/arm-none-eabi/9.3.1/../../../../arm-none-eabi/lib/thumb/v7-m/nofp\libc_nano.a(lib_a-memmove.o)
                0x0000000008003ad8                memmove
 .text._free_r  0x0000000008003b0c       0x98 c:/st/stm32cubeide_1.7.0/stm32cubeide/plugins/com.st.stm32cube.ide.mcu.externaltools.gnu-tools-for-stm32.9-2020-q2-update.win32_2.0.0.202105311346/tools/bin/../lib/gcc/arm-none-eabi/9.3.1/../../../../arm-none-eabi/lib/thumb/v7-m/nofp\libc_nano.a(lib_a-nano-freer.o)
                0x0000000008003b0c                _free_r
 .text._malloc_r
                0x0000000008003ba4       0xb4 c:/st/stm32cubeide_1.7.0/stm32cubeide/plugins/com.st.stm32cube.ide.mcu.externaltools.gnu-tools-for-stm32.9-2020-q2-update.win32_2.0.0.202105311346/tools/bin/../lib/gcc/arm-none-eabi/9.3.1/../../../../arm-none-eabi/lib/thumb/v7-m/nofp\libc_nano.a(lib_a-nano-mallocr.o)
                0x0000000008003ba4                _malloc_r
 .text._realloc_r
                0x0000000008003c58       0x4c c:/st/stm32cubeide_1.7.0/stm32cubeide/plugins/com.st.stm32cube.ide.mcu.externaltools.gnu-tools-for-stm32.9-2020-q2-update.win32_2.0.0.202105311346/tools/bin/../lib/gcc/arm-none-eabi/9.3.1/../../../../arm-none-eabi/lib/thumb/v7-m/nofp\libc_nano.a(lib_a-nano-reallocr.o)
                0x0000000008003c58                _realloc_r
 .text._sbrk_r  0x0000000008003ca4       0x20 c:/st/stm32cubeide_1.7.0/stm32cubeide/plugins/com.st.stm32cube.ide.mcu.externaltools.gnu-tools-for-stm32.9-2020-q2-update.win32_2.0.0.202105311346/tools/bin/../lib/gcc/arm-none-eabi/9.3.1/../../../../arm-none-eabi/lib/thumb/v7-m/nofp\libc_nano.a(lib_a-sbrkr.o)
                0x0000000008003ca4                _sbrk_r
 .text.__malloc_lock
                0x0000000008003cc4        0xc c:/st/stm32cubeide_1.7.0/stm32cubeide/plugins/com.st.stm32cube.ide.mcu.externaltools.gnu-tools-for-stm32.9-2020-q2-update.win32_2.0.0.202105311346/tools/bin/../lib/gcc/arm-none-eabi/9.3.1/../../../../arm-none-eabi/lib/thumb/v7-m/nofp\libc_nano.a(lib_a-mlock.o)
                0x0000000008003cc4                __malloc_lock
 .text.__malloc_unlock
                0x0000000008003cd0        0xc c:/st/stm32cubeide_1.7.0/stm32cubeide/plugins/com.st.stm32cube.ide.mcu.externaltools.gnu-tools-for-stm32.9-2020-q2-update.win32_2.0.0.202105311346/tools/bin/../lib/gcc/arm-none-eabi/9.3.1/../../../../arm-none-eabi/lib/thumb/v7-m/nofp\libc_nano.a(lib_a-mlock.o)
                0x0000000008003cd0                __malloc_unlock
 .text._malloc_usable_size_r
                0x0000000008003cdc       0x10 c:/st/stm32cubeide_1.7.0/stm32cubeide/plugins/com.st.stm32cube.ide.mcu.externaltools.gnu-tools-for-stm32.9-2020-q2-update.win32_2.0.0.202105311346/tools/bin/../lib/gcc/arm-none-eabi/9.3.1/../../../../arm-none-eabi/lib/thumb/v7-m/nofp\libc_nano.a(lib_a-nano-msizer.o)
                0x0000000008003cdc                _malloc_usable_size_r
 .text.__retarget_lock_acquire_recursive
                0x0000000008003cec        0x2 c:/st/stm32cubeide_1.7.0/stm32cubeide/plugins/com.st.stm32cube.ide.mcu.externaltools.gnu-tools-for-stm32.9-2020-q2-update.win32_2.0.0.202105311346/tools/bin/../lib/gcc/arm-none-eabi/9.3.1/../../../../arm-none-eabi/lib/thumb/v7-m/nofp\libc_nano.a(lib_a-lock.o)
                0x0000000008003cec                __retarget_lock_acquire_recursive
 .text.__retarget_lock_release_recursive
                0x0000000008003cee        0x2 c:/st/stm32cubeide_1.7.0/stm32cubeide/plugins/com.st.stm32cube.ide.mcu.externaltools.gnu-tools-for-stm32.9-2020-q2-update.win32_2.0.0.202105311346/tools/bin/../lib/gcc/arm-none-eabi/9.3.1/../../../../arm-none-eabi/lib/thumb/v7-m/nofp\libc_nano.a(lib_a-lock.o)
                0x0000000008003cee                __retarget_lock_release_recursive
 *(.glue_7)
 .glue_7        0x0000000008003cf0        0x0 linker stubs
 *(.glue_7t)
 .glue_7t       0x0000000008003cf0        0x0 linker stubs
 *(.eh_frame)
 .eh_frame      0x0000000008003cf0        0x0 c:/st/stm32cubeide_1.7.0/stm32cubeide/plugins/com.st.stm32cube.ide.mcu.externaltools.gnu-tools-for-stm32.9-2020-q2-update.win32_2.0.0.202105311346/tools/bin/../lib/gcc/arm-none-eabi/9.3.1/thumb/v7-m/nofp/crtbegin.o
 *(.init)
 .init          0x0000000008003cf0        0x4 c:/st/stm32cubeide_1.7.0/stm32cubeide/plugins/com.st.stm32cube.ide.mcu.externaltools.gnu-tools-for-stm32.9-2020-q2-update.win32_2.0.0.202105311346/tools/bin/../lib/gcc/arm-none-eabi/9.3.1/thumb/v7-m/nofp/crti.o
                0x0000000008003cf0                _init
 .init          0x0000000008003cf4        0x8 c:/st/stm32cubeide_1.7.0/stm32cubeide/plugins/com.st.stm32cube.ide.mcu.externaltools.gnu-tools-for-stm32.9-2020-q2-update.win32_2.0.0.202105311346/tools/bin/../lib/gcc/arm-none-eabi/9.3.1/thumb/v7-m/nofp/crtn.o
 *(.fini)
 .fini          0x0000000008003cfc        0x4 c:/st/stm32cubeide_1.7.0/stm32cubeide/plugins/com.st.stm32cube.ide.mcu.externaltools.gnu-tools-for-stm32.9-2020-q2-update.win32_2.0.0.202105311346/tools/bin/../lib/gcc/arm-none-eabi/9.3.1/thumb/v7-m/nofp/crti.o
                0x0000000008003cfc                _fini
 .fini          0x0000000008003d00        0x8 c:/st/stm32cubeide_1.7.0/stm32cubeide/plugins/com.st.stm32cube.ide.mcu.externaltools.gnu-tools-for-stm32.9-2020-q2-update.win32_2.0.0.202105311346/tools/bin/../lib/gcc/arm-none-eabi/9.3.1/thumb/v7-m/nofp/crtn.o
                0x0000000008003d08                . = ALIGN (0x4)
                0x0000000008003d08                _etext = .

.vfp11_veneer   0x0000000008003d08        0x0
 .vfp11_veneer  0x0000000008003d08        0x0 linker stubs

.v4_bx          0x0000000008003d08        0x0
 .v4_bx         0x0000000008003d08        0x0 linker stubs

.iplt           0x0000000008003d08        0x0
 .iplt          0x0000000008003d08        0x0 c:/st/stm32cubeide_1.7.0/stm32cubeide/plugins/com.st.stm32cube.ide.mcu.externaltools.gnu-tools-for-stm32.9-2020-q2-update.win32_2.0.0.202105311346/tools/bin/../lib/gcc/arm-none-eabi/9.3.1/thumb/v7-m/nofp/crtbegin.o

.rodata         0x0000000008003d08       0xc0
                0x0000000008003d08                . = ALIGN (0x4)
 *(.rodata)
 .rodata        0x0000000008003d08       0x65 ./Core/Src/i2c-lcd.o
 *(.rodata*)
 *fill*         0x0000000008003d6d        0x3 
 .rodata.AHBPrescTable
                0x0000000008003d70       0x10 ./Core/Src/system_stm32f1xx.o
                0x0000000008003d70                AHBPrescTable
 .rodata.aPLLMULFactorTable.6032
                0x0000000008003d80       0x10 ./Drivers/STM32F1xx_HAL_Driver/Src/stm32f1xx_hal_rcc.o
 .rodata.aPredivFactorTable.6033
                0x0000000008003d90        0x2 ./Drivers/STM32F1xx_HAL_Driver/Src/stm32f1xx_hal_rcc.o
 .rodata._svfprintf_r.str1.1
                0x0000000008003d92       0x11 c:/st/stm32cubeide_1.7.0/stm32cubeide/plugins/com.st.stm32cube.ide.mcu.externaltools.gnu-tools-for-stm32.9-2020-q2-update.win32_2.0.0.202105311346/tools/bin/../lib/gcc/arm-none-eabi/9.3.1/../../../../arm-none-eabi/lib/thumb/v7-m/nofp\libc_nano.a(lib_a-nano-svfprintf.o)
 .rodata._printf_i.str1.1
                0x0000000008003da3       0x22 c:/st/stm32cubeide_1.7.0/stm32cubeide/plugins/com.st.stm32cube.ide.mcu.externaltools.gnu-tools-for-stm32.9-2020-q2-update.win32_2.0.0.202105311346/tools/bin/../lib/gcc/arm-none-eabi/9.3.1/../../../../arm-none-eabi/lib/thumb/v7-m/nofp\libc_nano.a(lib_a-nano-vfprintf_i.o)
                0x0000000008003dc8                . = ALIGN (0x4)
 *fill*         0x0000000008003dc5        0x3 

.rel.dyn        0x0000000008003dc8        0x0
 .rel.iplt      0x0000000008003dc8        0x0 c:/st/stm32cubeide_1.7.0/stm32cubeide/plugins/com.st.stm32cube.ide.mcu.externaltools.gnu-tools-for-stm32.9-2020-q2-update.win32_2.0.0.202105311346/tools/bin/../lib/gcc/arm-none-eabi/9.3.1/thumb/v7-m/nofp/crtbegin.o

.ARM.extab      0x0000000008003dc8        0x0
                0x0000000008003dc8                . = ALIGN (0x4)
 *(.ARM.extab* .gnu.linkonce.armextab.*)
                0x0000000008003dc8                . = ALIGN (0x4)

.ARM            0x0000000008003dc8        0x0
                0x0000000008003dc8                . = ALIGN (0x4)
                0x0000000008003dc8                __exidx_start = .
 *(.ARM.exidx*)
                0x0000000008003dc8                __exidx_end = .
                0x0000000008003dc8                . = ALIGN (0x4)

.preinit_array  0x0000000008003dc8        0x0
                0x0000000008003dc8                . = ALIGN (0x4)
                0x0000000008003dc8                PROVIDE (__preinit_array_start = .)
 *(.preinit_array*)
                0x0000000008003dc8                PROVIDE (__preinit_array_end = .)
                0x0000000008003dc8                . = ALIGN (0x4)

.init_array     0x0000000008003dc8        0x4
                0x0000000008003dc8                . = ALIGN (0x4)
                0x0000000008003dc8                PROVIDE (__init_array_start = .)
 *(SORT_BY_NAME(.init_array.*))
 *(.init_array*)
 .init_array    0x0000000008003dc8        0x4 c:/st/stm32cubeide_1.7.0/stm32cubeide/plugins/com.st.stm32cube.ide.mcu.externaltools.gnu-tools-for-stm32.9-2020-q2-update.win32_2.0.0.202105311346/tools/bin/../lib/gcc/arm-none-eabi/9.3.1/thumb/v7-m/nofp/crtbegin.o
                0x0000000008003dcc                PROVIDE (__init_array_end = .)
                0x0000000008003dcc                . = ALIGN (0x4)

.fini_array     0x0000000008003dcc        0x4
                0x0000000008003dcc                . = ALIGN (0x4)
                [!provide]                        PROVIDE (__fini_array_start = .)
 *(SORT_BY_NAME(.fini_array.*))
 *(.fini_array*)
 .fini_array    0x0000000008003dcc        0x4 c:/st/stm32cubeide_1.7.0/stm32cubeide/plugins/com.st.stm32cube.ide.mcu.externaltools.gnu-tools-for-stm32.9-2020-q2-update.win32_2.0.0.202105311346/tools/bin/../lib/gcc/arm-none-eabi/9.3.1/thumb/v7-m/nofp/crtbegin.o
                [!provide]                        PROVIDE (__fini_array_end = .)
                0x0000000008003dd0                . = ALIGN (0x4)
                0x0000000008003dd0                _sidata = LOADADDR (.data)

.data           0x0000000020000000       0xc0 load address 0x0000000008003dd0
                0x0000000020000000                . = ALIGN (0x4)
                0x0000000020000000                _sdata = .
 *(.data)
 *(.data*)
 .data.KeyReg0  0x0000000020000000        0xc ./Core/Src/button.o
                0x0000000020000000                KeyReg0
 .data.KeyReg1  0x000000002000000c        0xc ./Core/Src/button.o
                0x000000002000000c                KeyReg1
 .data.KeyReg2  0x0000000020000018        0xc ./Core/Src/button.o
                0x0000000020000018                KeyReg2
 .data.KeyReg3  0x0000000020000024        0xc ./Core/Src/button.o
                0x0000000020000024                KeyReg3
 .data.TimeOutForKeyPress
                0x0000000020000030        0xc ./Core/Src/button.o
                0x0000000020000030                TimeOutForKeyPress
 .data.startup_counter
                0x000000002000003c        0x4 ./Core/Src/button.o
                0x000000002000003c                startup_counter
 .data.duration_RED
                0x0000000020000040        0x4 ./Core/Src/global.o
                0x0000000020000040                duration_RED
 .data.duration_AMBER
                0x0000000020000044        0x4 ./Core/Src/global.o
                0x0000000020000044                duration_AMBER
 .data.duration_GREEN
                0x0000000020000048        0x4 ./Core/Src/global.o
                0x0000000020000048                duration_GREEN
 .data.current_mode
                0x000000002000004c        0x1 ./Core/Src/global.o
                0x000000002000004c                current_mode
 *fill*         0x000000002000004d        0x3 
 .data.SystemCoreClock
                0x0000000020000050        0x4 ./Core/Src/system_stm32f1xx.o
                0x0000000020000050                SystemCoreClock
 .data.uwTickPrio
                0x0000000020000054        0x4 ./Drivers/STM32F1xx_HAL_Driver/Src/stm32f1xx_hal.o
                0x0000000020000054                uwTickPrio
 .data.uwTickFreq
                0x0000000020000058        0x1 ./Drivers/STM32F1xx_HAL_Driver/Src/stm32f1xx_hal.o
                0x0000000020000058                uwTickFreq
 *fill*         0x0000000020000059        0x3 
 .data._impure_ptr
                0x000000002000005c        0x4 c:/st/stm32cubeide_1.7.0/stm32cubeide/plugins/com.st.stm32cube.ide.mcu.externaltools.gnu-tools-for-stm32.9-2020-q2-update.win32_2.0.0.202105311346/tools/bin/../lib/gcc/arm-none-eabi/9.3.1/../../../../arm-none-eabi/lib/thumb/v7-m/nofp\libc_nano.a(lib_a-impure.o)
                0x000000002000005c                _impure_ptr
 .data.impure_data
                0x0000000020000060       0x60 c:/st/stm32cubeide_1.7.0/stm32cubeide/plugins/com.st.stm32cube.ide.mcu.externaltools.gnu-tools-for-stm32.9-2020-q2-update.win32_2.0.0.202105311346/tools/bin/../lib/gcc/arm-none-eabi/9.3.1/../../../../arm-none-eabi/lib/thumb/v7-m/nofp\libc_nano.a(lib_a-impure.o)
 *(.RamFunc)
 *(.RamFunc*)
                0x00000000200000c0                . = ALIGN (0x4)
                0x00000000200000c0                _edata = .

.igot.plt       0x00000000200000c0        0x0 load address 0x0000000008003e90
 .igot.plt      0x00000000200000c0        0x0 c:/st/stm32cubeide_1.7.0/stm32cubeide/plugins/com.st.stm32cube.ide.mcu.externaltools.gnu-tools-for-stm32.9-2020-q2-update.win32_2.0.0.202105311346/tools/bin/../lib/gcc/arm-none-eabi/9.3.1/thumb/v7-m/nofp/crtbegin.o
                0x00000000200000c0                . = ALIGN (0x4)

.bss            0x00000000200000c0      0x428 load address 0x0000000008003e90
                0x00000000200000c0                _sbss = .
                0x00000000200000c0                __bss_start__ = _sbss
 *(.bss)
 .bss           0x00000000200000c0       0x1c c:/st/stm32cubeide_1.7.0/stm32cubeide/plugins/com.st.stm32cube.ide.mcu.externaltools.gnu-tools-for-stm32.9-2020-q2-update.win32_2.0.0.202105311346/tools/bin/../lib/gcc/arm-none-eabi/9.3.1/thumb/v7-m/nofp/crtbegin.o
 *(.bss*)
 .bss.button_flag
                0x00000000200000dc        0xc ./Core/Src/button.o
                0x00000000200000dc                button_flag
 .bss.button_long_pressed
                0x00000000200000e8        0xc ./Core/Src/button.o
                0x00000000200000e8                button_long_pressed
 .bss.timer_counter.6068
                0x00000000200000f4        0x4 ./Core/Src/fsm_traffic.o
 .bss.temp_duration
                0x00000000200000f8        0x4 ./Core/Src/global.o
                0x00000000200000f8                temp_duration
 .bss.counter_road1
                0x00000000200000fc        0x4 ./Core/Src/global.o
                0x00000000200000fc                counter_road1
 .bss.counter_road2
                0x0000000020000100        0x4 ./Core/Src/global.o
                0x0000000020000100                counter_road2
 .bss.traffic_state
                0x0000000020000104        0x1 ./Core/Src/global.o
                0x0000000020000104                traffic_state
 *fill*         0x0000000020000105        0x3 
 .bss.blink_counter
                0x0000000020000108        0x4 ./Core/Src/global.o
                0x0000000020000108                blink_counter
 .bss.flag_blink
                0x000000002000010c        0x4 ./Core/Src/global.o
                0x000000002000010c                flag_blink
 .bss.flagRed   0x0000000020000110        0x8 ./Core/Src/global.o
                0x0000000020000110                flagRed
 .bss.flagGreen
                0x0000000020000118        0x8 ./Core/Src/global.o
                0x0000000020000118                flagGreen
 .bss.flagYellow
                0x0000000020000120        0x8 ./Core/Src/global.o
                0x0000000020000120                flagYellow
 .bss.prevState
                0x0000000020000128        0x3 ./Core/Src/global.o
                0x0000000020000128                prevState
 *fill*         0x000000002000012b        0x1 
 .bss.currState
                0x000000002000012c        0x3 ./Core/Src/global.o
                0x000000002000012c                currState
 .bss.Error_code_G
                0x000000002000012f        0x1 ./Core/Src/scheduler.o
                0x000000002000012f                Error_code_G
 .bss.task_count
                0x0000000020000130        0x4 ./Core/Src/scheduler.o
                0x0000000020000130                task_count
 .bss.elapsed_time
                0x0000000020000134        0x4 ./Core/Src/scheduler.o
                0x0000000020000134                elapsed_time
 .bss.__sbrk_heap_end
                0x0000000020000138        0x4 ./Core/Src/sysmem.o
 .bss.__malloc_free_list
                0x000000002000013c        0x4 c:/st/stm32cubeide_1.7.0/stm32cubeide/plugins/com.st.stm32cube.ide.mcu.externaltools.gnu-tools-for-stm32.9-2020-q2-update.win32_2.0.0.202105311346/tools/bin/../lib/gcc/arm-none-eabi/9.3.1/../../../../arm-none-eabi/lib/thumb/v7-m/nofp\libc_nano.a(lib_a-nano-mallocr.o)
                0x000000002000013c                __malloc_free_list
 .bss.__malloc_sbrk_start
                0x0000000020000140        0x4 c:/st/stm32cubeide_1.7.0/stm32cubeide/plugins/com.st.stm32cube.ide.mcu.externaltools.gnu-tools-for-stm32.9-2020-q2-update.win32_2.0.0.202105311346/tools/bin/../lib/gcc/arm-none-eabi/9.3.1/../../../../arm-none-eabi/lib/thumb/v7-m/nofp\libc_nano.a(lib_a-nano-mallocr.o)
                0x0000000020000140                __malloc_sbrk_start
 *(COMMON)
 COMMON         0x0000000020000144       0x48 ./Core/Src/main.o
                0x0000000020000144                htim2
 COMMON         0x000000002000018c      0x348 ./Core/Src/scheduler.o
                0x000000002000018c                SCH_tasks_G
                0x00000000200004ac                MARKING
 COMMON         0x00000000200004d4        0x4 ./Drivers/STM32F1xx_HAL_Driver/Src/stm32f1xx_hal.o
                0x00000000200004d4                uwTick
 COMMON         0x00000000200004d8        0x4 c:/st/stm32cubeide_1.7.0/stm32cubeide/plugins/com.st.stm32cube.ide.mcu.externaltools.gnu-tools-for-stm32.9-2020-q2-update.win32_2.0.0.202105311346/tools/bin/../lib/gcc/arm-none-eabi/9.3.1/../../../../arm-none-eabi/lib/thumb/v7-m/nofp\libc_nano.a(lib_a-reent.o)
                0x00000000200004d8                errno
 COMMON         0x00000000200004dc        0x9 c:/st/stm32cubeide_1.7.0/stm32cubeide/plugins/com.st.stm32cube.ide.mcu.externaltools.gnu-tools-for-stm32.9-2020-q2-update.win32_2.0.0.202105311346/tools/bin/../lib/gcc/arm-none-eabi/9.3.1/../../../../arm-none-eabi/lib/thumb/v7-m/nofp\libc_nano.a(lib_a-lock.o)
                0x00000000200004dc                __lock___atexit_recursive_mutex
                0x00000000200004dd                __lock___arc4random_mutex
                0x00000000200004de                __lock___env_recursive_mutex
                0x00000000200004df                __lock___sinit_recursive_mutex
                0x00000000200004e0                __lock___malloc_recursive_mutex
                0x00000000200004e1                __lock___at_quick_exit_mutex
                0x00000000200004e2                __lock___dd_hash_mutex
                0x00000000200004e3                __lock___tz_mutex
                0x00000000200004e4                __lock___sfp_recursive_mutex
                0x00000000200004e8                . = ALIGN (0x4)
 *fill*         0x00000000200004e5        0x3 
                0x00000000200004e8                _ebss = .
                0x00000000200004e8                __bss_end__ = _ebss

._user_heap_stack
                0x00000000200004e8      0x600 load address 0x0000000008003e90
                0x00000000200004e8                . = ALIGN (0x8)
                [!provide]                        PROVIDE (end = .)
                0x00000000200004e8                PROVIDE (_end = .)
                0x00000000200006e8                . = (. + _Min_Heap_Size)
 *fill*         0x00000000200004e8      0x200 
                0x0000000020000ae8                . = (. + _Min_Stack_Size)
 *fill*         0x00000000200006e8      0x400 
                0x0000000020000ae8                . = ALIGN (0x8)

/DISCARD/
 libc.a(*)
 libm.a(*)
 libgcc.a(*)

.ARM.attributes
                0x0000000000000000       0x29
 *(.ARM.attributes)
 .ARM.attributes
                0x0000000000000000       0x1d c:/st/stm32cubeide_1.7.0/stm32cubeide/plugins/com.st.stm32cube.ide.mcu.externaltools.gnu-tools-for-stm32.9-2020-q2-update.win32_2.0.0.202105311346/tools/bin/../lib/gcc/arm-none-eabi/9.3.1/thumb/v7-m/nofp/crti.o
 .ARM.attributes
                0x000000000000001d       0x2d c:/st/stm32cubeide_1.7.0/stm32cubeide/plugins/com.st.stm32cube.ide.mcu.externaltools.gnu-tools-for-stm32.9-2020-q2-update.win32_2.0.0.202105311346/tools/bin/../lib/gcc/arm-none-eabi/9.3.1/thumb/v7-m/nofp/crtbegin.o
 .ARM.attributes
                0x000000000000004a       0x2d ./Core/Src/7segment_display.o
 .ARM.attributes
                0x0000000000000077       0x2d ./Core/Src/Tasks.o
 .ARM.attributes
                0x00000000000000a4       0x2d ./Core/Src/button.o
 .ARM.attributes
                0x00000000000000d1       0x2d ./Core/Src/fsm_traffic.o
 .ARM.attributes
                0x00000000000000fe       0x33 ./Core/Src/global.o
 .ARM.attributes
                0x0000000000000131       0x2d ./Core/Src/i2c-lcd.o
 .ARM.attributes
                0x000000000000015e       0x2d ./Core/Src/led_display.o
 .ARM.attributes
                0x000000000000018b       0x2d ./Core/Src/main.o
 .ARM.attributes
                0x00000000000001b8       0x2d ./Core/Src/scheduler.o
 .ARM.attributes
                0x00000000000001e5       0x2d ./Core/Src/stm32f1xx_hal_msp.o
 .ARM.attributes
                0x0000000000000212       0x2d ./Core/Src/stm32f1xx_it.o
 .ARM.attributes
                0x000000000000023f       0x2d ./Core/Src/sysmem.o
 .ARM.attributes
                0x000000000000026c       0x2d ./Core/Src/system_stm32f1xx.o
 .ARM.attributes
                0x0000000000000299       0x21 ./Core/Startup/startup_stm32f103c6tx.o
 .ARM.attributes
                0x00000000000002ba       0x2d ./Drivers/STM32F1xx_HAL_Driver/Src/stm32f1xx_hal.o
 .ARM.attributes
                0x00000000000002e7       0x2d ./Drivers/STM32F1xx_HAL_Driver/Src/stm32f1xx_hal_cortex.o
 .ARM.attributes
                0x0000000000000314       0x2d ./Drivers/STM32F1xx_HAL_Driver/Src/stm32f1xx_hal_gpio.o
 .ARM.attributes
                0x0000000000000341       0x2d ./Drivers/STM32F1xx_HAL_Driver/Src/stm32f1xx_hal_rcc.o
 .ARM.attributes
                0x000000000000036e       0x2d ./Drivers/STM32F1xx_HAL_Driver/Src/stm32f1xx_hal_tim.o
 .ARM.attributes
                0x000000000000039b       0x2d ./Drivers/STM32F1xx_HAL_Driver/Src/stm32f1xx_hal_tim_ex.o
 .ARM.attributes
                0x00000000000003c8       0x2d c:/st/stm32cubeide_1.7.0/stm32cubeide/plugins/com.st.stm32cube.ide.mcu.externaltools.gnu-tools-for-stm32.9-2020-q2-update.win32_2.0.0.202105311346/tools/bin/../lib/gcc/arm-none-eabi/9.3.1/../../../../arm-none-eabi/lib/thumb/v7-m/nofp\libc_nano.a(lib_a-errno.o)
 .ARM.attributes
                0x00000000000003f5       0x2d c:/st/stm32cubeide_1.7.0/stm32cubeide/plugins/com.st.stm32cube.ide.mcu.externaltools.gnu-tools-for-stm32.9-2020-q2-update.win32_2.0.0.202105311346/tools/bin/../lib/gcc/arm-none-eabi/9.3.1/../../../../arm-none-eabi/lib/thumb/v7-m/nofp\libc_nano.a(lib_a-impure.o)
 .ARM.attributes
                0x0000000000000422       0x2d c:/st/stm32cubeide_1.7.0/stm32cubeide/plugins/com.st.stm32cube.ide.mcu.externaltools.gnu-tools-for-stm32.9-2020-q2-update.win32_2.0.0.202105311346/tools/bin/../lib/gcc/arm-none-eabi/9.3.1/../../../../arm-none-eabi/lib/thumb/v7-m/nofp\libc_nano.a(lib_a-init.o)
 .ARM.attributes
                0x000000000000044f       0x2d c:/st/stm32cubeide_1.7.0/stm32cubeide/plugins/com.st.stm32cube.ide.mcu.externaltools.gnu-tools-for-stm32.9-2020-q2-update.win32_2.0.0.202105311346/tools/bin/../lib/gcc/arm-none-eabi/9.3.1/../../../../arm-none-eabi/lib/thumb/v7-m/nofp\libc_nano.a(lib_a-memset.o)
 .ARM.attributes
                0x000000000000047c       0x2d c:/st/stm32cubeide_1.7.0/stm32cubeide/plugins/com.st.stm32cube.ide.mcu.externaltools.gnu-tools-for-stm32.9-2020-q2-update.win32_2.0.0.202105311346/tools/bin/../lib/gcc/arm-none-eabi/9.3.1/../../../../arm-none-eabi/lib/thumb/v7-m/nofp\libc_nano.a(lib_a-snprintf.o)
 .ARM.attributes
                0x00000000000004a9       0x2d c:/st/stm32cubeide_1.7.0/stm32cubeide/plugins/com.st.stm32cube.ide.mcu.externaltools.gnu-tools-for-stm32.9-2020-q2-update.win32_2.0.0.202105311346/tools/bin/../lib/gcc/arm-none-eabi/9.3.1/../../../../arm-none-eabi/lib/thumb/v7-m/nofp\libc_nano.a(lib_a-nano-svfprintf.o)
 .ARM.attributes
                0x00000000000004d6       0x2d c:/st/stm32cubeide_1.7.0/stm32cubeide/plugins/com.st.stm32cube.ide.mcu.externaltools.gnu-tools-for-stm32.9-2020-q2-update.win32_2.0.0.202105311346/tools/bin/../lib/gcc/arm-none-eabi/9.3.1/../../../../arm-none-eabi/lib/thumb/v7-m/nofp\libc_nano.a(lib_a-nano-vfprintf_i.o)
 .ARM.attributes
                0x0000000000000503       0x2d c:/st/stm32cubeide_1.7.0/stm32cubeide/plugins/com.st.stm32cube.ide.mcu.externaltools.gnu-tools-for-stm32.9-2020-q2-update.win32_2.0.0.202105311346/tools/bin/../lib/gcc/arm-none-eabi/9.3.1/../../../../arm-none-eabi/lib/thumb/v7-m/nofp\libc_nano.a(lib_a-memchr-stub.o)
 .ARM.attributes
                0x0000000000000530       0x2d c:/st/stm32cubeide_1.7.0/stm32cubeide/plugins/com.st.stm32cube.ide.mcu.externaltools.gnu-tools-for-stm32.9-2020-q2-update.win32_2.0.0.202105311346/tools/bin/../lib/gcc/arm-none-eabi/9.3.1/../../../../arm-none-eabi/lib/thumb/v7-m/nofp\libc_nano.a(lib_a-memcpy-stub.o)
 .ARM.attributes
                0x000000000000055d       0x2d c:/st/stm32cubeide_1.7.0/stm32cubeide/plugins/com.st.stm32cube.ide.mcu.externaltools.gnu-tools-for-stm32.9-2020-q2-update.win32_2.0.0.202105311346/tools/bin/../lib/gcc/arm-none-eabi/9.3.1/../../../../arm-none-eabi/lib/thumb/v7-m/nofp\libc_nano.a(lib_a-memmove.o)
 .ARM.attributes
                0x000000000000058a       0x2d c:/st/stm32cubeide_1.7.0/stm32cubeide/plugins/com.st.stm32cube.ide.mcu.externaltools.gnu-tools-for-stm32.9-2020-q2-update.win32_2.0.0.202105311346/tools/bin/../lib/gcc/arm-none-eabi/9.3.1/../../../../arm-none-eabi/lib/thumb/v7-m/nofp\libc_nano.a(lib_a-nano-freer.o)
 .ARM.attributes
                0x00000000000005b7       0x2d c:/st/stm32cubeide_1.7.0/stm32cubeide/plugins/com.st.stm32cube.ide.mcu.externaltools.gnu-tools-for-stm32.9-2020-q2-update.win32_2.0.0.202105311346/tools/bin/../lib/gcc/arm-none-eabi/9.3.1/../../../../arm-none-eabi/lib/thumb/v7-m/nofp\libc_nano.a(lib_a-nano-mallocr.o)
 .ARM.attributes
                0x00000000000005e4       0x2d c:/st/stm32cubeide_1.7.0/stm32cubeide/plugins/com.st.stm32cube.ide.mcu.externaltools.gnu-tools-for-stm32.9-2020-q2-update.win32_2.0.0.202105311346/tools/bin/../lib/gcc/arm-none-eabi/9.3.1/../../../../arm-none-eabi/lib/thumb/v7-m/nofp\libc_nano.a(lib_a-nano-reallocr.o)
 .ARM.attributes
                0x0000000000000611       0x2d c:/st/stm32cubeide_1.7.0/stm32cubeide/plugins/com.st.stm32cube.ide.mcu.externaltools.gnu-tools-for-stm32.9-2020-q2-update.win32_2.0.0.202105311346/tools/bin/../lib/gcc/arm-none-eabi/9.3.1/../../../../arm-none-eabi/lib/thumb/v7-m/nofp\libc_nano.a(lib_a-sbrkr.o)
 .ARM.attributes
                0x000000000000063e       0x2d c:/st/stm32cubeide_1.7.0/stm32cubeide/plugins/com.st.stm32cube.ide.mcu.externaltools.gnu-tools-for-stm32.9-2020-q2-update.win32_2.0.0.202105311346/tools/bin/../lib/gcc/arm-none-eabi/9.3.1/../../../../arm-none-eabi/lib/thumb/v7-m/nofp\libc_nano.a(lib_a-mlock.o)
 .ARM.attributes
                0x000000000000066b       0x2d c:/st/stm32cubeide_1.7.0/stm32cubeide/plugins/com.st.stm32cube.ide.mcu.externaltools.gnu-tools-for-stm32.9-2020-q2-update.win32_2.0.0.202105311346/tools/bin/../lib/gcc/arm-none-eabi/9.3.1/../../../../arm-none-eabi/lib/thumb/v7-m/nofp\libc_nano.a(lib_a-nano-msizer.o)
 .ARM.attributes
                0x0000000000000698       0x2d c:/st/stm32cubeide_1.7.0/stm32cubeide/plugins/com.st.stm32cube.ide.mcu.externaltools.gnu-tools-for-stm32.9-2020-q2-update.win32_2.0.0.202105311346/tools/bin/../lib/gcc/arm-none-eabi/9.3.1/../../../../arm-none-eabi/lib/thumb/v7-m/nofp\libc_nano.a(lib_a-reent.o)
 .ARM.attributes
                0x00000000000006c5       0x2d c:/st/stm32cubeide_1.7.0/stm32cubeide/plugins/com.st.stm32cube.ide.mcu.externaltools.gnu-tools-for-stm32.9-2020-q2-update.win32_2.0.0.202105311346/tools/bin/../lib/gcc/arm-none-eabi/9.3.1/../../../../arm-none-eabi/lib/thumb/v7-m/nofp\libc_nano.a(lib_a-lock.o)
 .ARM.attributes
                0x00000000000006f2       0x1d c:/st/stm32cubeide_1.7.0/stm32cubeide/plugins/com.st.stm32cube.ide.mcu.externaltools.gnu-tools-for-stm32.9-2020-q2-update.win32_2.0.0.202105311346/tools/bin/../lib/gcc/arm-none-eabi/9.3.1/thumb/v7-m/nofp/crtn.o
OUTPUT(TrafficLight_Controller_System_Scheduler.elf elf32-littlearm)
LOAD linker stubs
LOAD c:/st/stm32cubeide_1.7.0/stm32cubeide/plugins/com.st.stm32cube.ide.mcu.externaltools.gnu-tools-for-stm32.9-2020-q2-update.win32_2.0.0.202105311346/tools/bin/../lib/gcc/arm-none-eabi/9.3.1/../../../../arm-none-eabi/lib/thumb/v7-m/nofp\libc.a
LOAD c:/st/stm32cubeide_1.7.0/stm32cubeide/plugins/com.st.stm32cube.ide.mcu.externaltools.gnu-tools-for-stm32.9-2020-q2-update.win32_2.0.0.202105311346/tools/bin/../lib/gcc/arm-none-eabi/9.3.1/../../../../arm-none-eabi/lib/thumb/v7-m/nofp\libm.a
LOAD c:/st/stm32cubeide_1.7.0/stm32cubeide/plugins/com.st.stm32cube.ide.mcu.externaltools.gnu-tools-for-stm32.9-2020-q2-update.win32_2.0.0.202105311346/tools/bin/../lib/gcc/arm-none-eabi/9.3.1/thumb/v7-m/nofp\libgcc.a

.debug_info     0x0000000000000000     0xcdb7
 .debug_info    0x0000000000000000      0x43c ./Core/Src/7segment_display.o
 .debug_info    0x000000000000043c      0xc82 ./Core/Src/Tasks.o
 .debug_info    0x00000000000010be      0x3b5 ./Core/Src/button.o
 .debug_info    0x0000000000001473      0x405 ./Core/Src/fsm_traffic.o
 .debug_info    0x0000000000001878      0x258 ./Core/Src/global.o
 .debug_info    0x0000000000001ad0     0x1001 ./Core/Src/i2c-lcd.o
 .debug_info    0x0000000000002ad1      0x4e5 ./Core/Src/led_display.o
 .debug_info    0x0000000000002fb6     0x165e ./Core/Src/main.o
 .debug_info    0x0000000000004614      0x48d ./Core/Src/scheduler.o
 .debug_info    0x0000000000004aa1      0xa09 ./Core/Src/stm32f1xx_hal_msp.o
 .debug_info    0x00000000000054aa      0x7b9 ./Core/Src/stm32f1xx_it.o
 .debug_info    0x0000000000005c63      0xa25 ./Core/Src/sysmem.o
 .debug_info    0x0000000000006688      0x2be ./Core/Src/system_stm32f1xx.o
 .debug_info    0x0000000000006946       0x22 ./Core/Startup/startup_stm32f103c6tx.o
 .debug_info    0x0000000000006968      0x74c ./Drivers/STM32F1xx_HAL_Driver/Src/stm32f1xx_hal.o
 .debug_info    0x00000000000070b4      0xbbe ./Drivers/STM32F1xx_HAL_Driver/Src/stm32f1xx_hal_cortex.o
 .debug_info    0x0000000000007c72      0x701 ./Drivers/STM32F1xx_HAL_Driver/Src/stm32f1xx_hal_gpio.o
 .debug_info    0x0000000000008373      0x893 ./Drivers/STM32F1xx_HAL_Driver/Src/stm32f1xx_hal_rcc.o
 .debug_info    0x0000000000008c06     0x2c32 ./Drivers/STM32F1xx_HAL_Driver/Src/stm32f1xx_hal_tim.o
 .debug_info    0x000000000000b838     0x157f ./Drivers/STM32F1xx_HAL_Driver/Src/stm32f1xx_hal_tim_ex.o

.debug_abbrev   0x0000000000000000     0x23b6
 .debug_abbrev  0x0000000000000000      0x15c ./Core/Src/7segment_display.o
 .debug_abbrev  0x000000000000015c      0x1cc ./Core/Src/Tasks.o
 .debug_abbrev  0x0000000000000328      0x188 ./Core/Src/button.o
 .debug_abbrev  0x00000000000004b0      0x15d ./Core/Src/fsm_traffic.o
 .debug_abbrev  0x000000000000060d       0x7b ./Core/Src/global.o
 .debug_abbrev  0x0000000000000688      0x2a8 ./Core/Src/i2c-lcd.o
 .debug_abbrev  0x0000000000000930      0x178 ./Core/Src/led_display.o
 .debug_abbrev  0x0000000000000aa8      0x2ad ./Core/Src/main.o
 .debug_abbrev  0x0000000000000d55      0x1f6 ./Core/Src/scheduler.o
 .debug_abbrev  0x0000000000000f4b      0x1b7 ./Core/Src/stm32f1xx_hal_msp.o
 .debug_abbrev  0x0000000000001102      0x176 ./Core/Src/stm32f1xx_it.o
 .debug_abbrev  0x0000000000001278      0x1bf ./Core/Src/sysmem.o
 .debug_abbrev  0x0000000000001437      0x14e ./Core/Src/system_stm32f1xx.o
 .debug_abbrev  0x0000000000001585       0x12 ./Core/Startup/startup_stm32f103c6tx.o
 .debug_abbrev  0x0000000000001597      0x1ed ./Drivers/STM32F1xx_HAL_Driver/Src/stm32f1xx_hal.o
 .debug_abbrev  0x0000000000001784      0x313 ./Drivers/STM32F1xx_HAL_Driver/Src/stm32f1xx_hal_cortex.o
 .debug_abbrev  0x0000000000001a97      0x1e8 ./Drivers/STM32F1xx_HAL_Driver/Src/stm32f1xx_hal_gpio.o
 .debug_abbrev  0x0000000000001c7f      0x273 ./Drivers/STM32F1xx_HAL_Driver/Src/stm32f1xx_hal_rcc.o
 .debug_abbrev  0x0000000000001ef2      0x25e ./Drivers/STM32F1xx_HAL_Driver/Src/stm32f1xx_hal_tim.o
 .debug_abbrev  0x0000000000002150      0x266 ./Drivers/STM32F1xx_HAL_Driver/Src/stm32f1xx_hal_tim_ex.o

.debug_aranges  0x0000000000000000      0xbd0
 .debug_aranges
                0x0000000000000000       0x38 ./Core/Src/7segment_display.o
 .debug_aranges
                0x0000000000000038       0x30 ./Core/Src/Tasks.o
 .debug_aranges
                0x0000000000000068       0x58 ./Core/Src/button.o
 .debug_aranges
                0x00000000000000c0       0x58 ./Core/Src/fsm_traffic.o
 .debug_aranges
                0x0000000000000118       0x18 ./Core/Src/global.o
 .debug_aranges
                0x0000000000000130       0xa0 ./Core/Src/i2c-lcd.o
 .debug_aranges
                0x00000000000001d0       0x50 ./Core/Src/led_display.o
 .debug_aranges
                0x0000000000000220       0x48 ./Core/Src/main.o
 .debug_aranges
                0x0000000000000268       0x60 ./Core/Src/scheduler.o
 .debug_aranges
                0x00000000000002c8       0x30 ./Core/Src/stm32f1xx_hal_msp.o
 .debug_aranges
                0x00000000000002f8       0x68 ./Core/Src/stm32f1xx_it.o
 .debug_aranges
                0x0000000000000360       0x20 ./Core/Src/sysmem.o
 .debug_aranges
                0x0000000000000380       0x28 ./Core/Src/system_stm32f1xx.o
 .debug_aranges
                0x00000000000003a8       0x28 ./Core/Startup/startup_stm32f103c6tx.o
 .debug_aranges
                0x00000000000003d0       0xe0 ./Drivers/STM32F1xx_HAL_Driver/Src/stm32f1xx_hal.o
 .debug_aranges
                0x00000000000004b0      0x100 ./Drivers/STM32F1xx_HAL_Driver/Src/stm32f1xx_hal_cortex.o
 .debug_aranges
                0x00000000000005b0       0x58 ./Drivers/STM32F1xx_HAL_Driver/Src/stm32f1xx_hal_gpio.o
 .debug_aranges
                0x0000000000000608       0x90 ./Drivers/STM32F1xx_HAL_Driver/Src/stm32f1xx_hal_rcc.o
 .debug_aranges
                0x0000000000000698      0x3d0 ./Drivers/STM32F1xx_HAL_Driver/Src/stm32f1xx_hal_tim.o
 .debug_aranges
                0x0000000000000a68      0x168 ./Drivers/STM32F1xx_HAL_Driver/Src/stm32f1xx_hal_tim_ex.o

.debug_ranges   0x0000000000000000      0xa90
 .debug_ranges  0x0000000000000000       0x28 ./Core/Src/7segment_display.o
 .debug_ranges  0x0000000000000028       0x20 ./Core/Src/Tasks.o
 .debug_ranges  0x0000000000000048       0x48 ./Core/Src/button.o
 .debug_ranges  0x0000000000000090       0x48 ./Core/Src/fsm_traffic.o
 .debug_ranges  0x00000000000000d8       0x90 ./Core/Src/i2c-lcd.o
 .debug_ranges  0x0000000000000168       0x40 ./Core/Src/led_display.o
 .debug_ranges  0x00000000000001a8       0x38 ./Core/Src/main.o
 .debug_ranges  0x00000000000001e0       0x50 ./Core/Src/scheduler.o
 .debug_ranges  0x0000000000000230       0x20 ./Core/Src/stm32f1xx_hal_msp.o
 .debug_ranges  0x0000000000000250       0x58 ./Core/Src/stm32f1xx_it.o
 .debug_ranges  0x00000000000002a8       0x10 ./Core/Src/sysmem.o
 .debug_ranges  0x00000000000002b8       0x18 ./Core/Src/system_stm32f1xx.o
 .debug_ranges  0x00000000000002d0       0x20 ./Core/Startup/startup_stm32f103c6tx.o
 .debug_ranges  0x00000000000002f0       0xd0 ./Drivers/STM32F1xx_HAL_Driver/Src/stm32f1xx_hal.o
 .debug_ranges  0x00000000000003c0       0xf0 ./Drivers/STM32F1xx_HAL_Driver/Src/stm32f1xx_hal_cortex.o
 .debug_ranges  0x00000000000004b0       0x48 ./Drivers/STM32F1xx_HAL_Driver/Src/stm32f1xx_hal_gpio.o
 .debug_ranges  0x00000000000004f8       0x80 ./Drivers/STM32F1xx_HAL_Driver/Src/stm32f1xx_hal_rcc.o
 .debug_ranges  0x0000000000000578      0x3c0 ./Drivers/STM32F1xx_HAL_Driver/Src/stm32f1xx_hal_tim.o
 .debug_ranges  0x0000000000000938      0x158 ./Drivers/STM32F1xx_HAL_Driver/Src/stm32f1xx_hal_tim_ex.o

.debug_macro    0x0000000000000000    0x183f5
 .debug_macro   0x0000000000000000      0x1b9 ./Core/Src/7segment_display.o
 .debug_macro   0x00000000000001b9      0xa9c ./Core/Src/7segment_display.o
 .debug_macro   0x0000000000000c55      0x215 ./Core/Src/7segment_display.o
 .debug_macro   0x0000000000000e6a       0x2e ./Core/Src/7segment_display.o
 .debug_macro   0x0000000000000e98       0x22 ./Core/Src/7segment_display.o
 .debug_macro   0x0000000000000eba       0x22 ./Core/Src/7segment_display.o
 .debug_macro   0x0000000000000edc       0x8e ./Core/Src/7segment_display.o
 .debug_macro   0x0000000000000f6a       0x51 ./Core/Src/7segment_display.o
 .debug_macro   0x0000000000000fbb      0x103 ./Core/Src/7segment_display.o
 .debug_macro   0x00000000000010be       0x6a ./Core/Src/7segment_display.o
 .debug_macro   0x0000000000001128      0x1df ./Core/Src/7segment_display.o
 .debug_macro   0x0000000000001307       0x1c ./Core/Src/7segment_display.o
 .debug_macro   0x0000000000001323       0x22 ./Core/Src/7segment_display.o
 .debug_macro   0x0000000000001345       0xc3 ./Core/Src/7segment_display.o
 .debug_macro   0x0000000000001408      0xd23 ./Core/Src/7segment_display.o
 .debug_macro   0x000000000000212b     0xde75 ./Core/Src/7segment_display.o
 .debug_macro   0x000000000000ffa0       0x6d ./Core/Src/7segment_display.o
 .debug_macro   0x000000000001000d     0x34a2 ./Core/Src/7segment_display.o
 .debug_macro   0x00000000000134af      0x174 ./Core/Src/7segment_display.o
 .debug_macro   0x0000000000013623       0x5c ./Core/Src/7segment_display.o
 .debug_macro   0x000000000001367f      0x5bc ./Core/Src/7segment_display.o
 .debug_macro   0x0000000000013c3b      0x1b7 ./Core/Src/7segment_display.o
 .debug_macro   0x0000000000013df2      0x1cb ./Core/Src/7segment_display.o
 .debug_macro   0x0000000000013fbd      0x114 ./Core/Src/7segment_display.o
 .debug_macro   0x00000000000140d1      0x1b2 ./Core/Src/7segment_display.o
 .debug_macro   0x0000000000014283       0x27 ./Core/Src/7segment_display.o
 .debug_macro   0x00000000000142aa      0x12f ./Core/Src/7segment_display.o
 .debug_macro   0x00000000000143d9      0x1bc ./Core/Src/7segment_display.o
 .debug_macro   0x0000000000014595       0x34 ./Core/Src/7segment_display.o
 .debug_macro   0x00000000000145c9       0x3c ./Core/Src/7segment_display.o
 .debug_macro   0x0000000000014605       0x57 ./Core/Src/7segment_display.o
 .debug_macro   0x000000000001465c       0x87 ./Core/Src/7segment_display.o
 .debug_macro   0x00000000000146e3      0x183 ./Core/Src/7segment_display.o
 .debug_macro   0x0000000000014866      0x140 ./Core/Src/7segment_display.o
 .debug_macro   0x00000000000149a6      0x8ed ./Core/Src/7segment_display.o
 .debug_macro   0x0000000000015293       0x69 ./Core/Src/7segment_display.o
 .debug_macro   0x00000000000152fc      0x160 ./Core/Src/7segment_display.o
 .debug_macro   0x000000000001545c       0x28 ./Core/Src/7segment_display.o
 .debug_macro   0x0000000000015484      0x387 ./Core/Src/Tasks.o
 .debug_macro   0x000000000001580b       0x16 ./Core/Src/Tasks.o
 .debug_macro   0x0000000000015821       0x52 ./Core/Src/Tasks.o
 .debug_macro   0x0000000000015873       0x52 ./Core/Src/Tasks.o
 .debug_macro   0x00000000000158c5       0x18 ./Core/Src/Tasks.o
 .debug_macro   0x00000000000158dd       0x3c ./Core/Src/Tasks.o
 .debug_macro   0x0000000000015919       0x34 ./Core/Src/Tasks.o
 .debug_macro   0x000000000001594d       0x16 ./Core/Src/Tasks.o
 .debug_macro   0x0000000000015963       0x35 ./Core/Src/Tasks.o
 .debug_macro   0x0000000000015998      0x333 ./Core/Src/Tasks.o
 .debug_macro   0x0000000000015ccb       0x10 ./Core/Src/Tasks.o
 .debug_macro   0x0000000000015cdb       0x16 ./Core/Src/Tasks.o
 .debug_macro   0x0000000000015cf1       0x43 ./Core/Src/Tasks.o
 .debug_macro   0x0000000000015d34       0x34 ./Core/Src/Tasks.o
 .debug_macro   0x0000000000015d68       0x10 ./Core/Src/Tasks.o
 .debug_macro   0x0000000000015d78       0x58 ./Core/Src/Tasks.o
 .debug_macro   0x0000000000015dd0       0x71 ./Core/Src/Tasks.o
 .debug_macro   0x0000000000015e41       0x1c ./Core/Src/Tasks.o
 .debug_macro   0x0000000000015e5d      0x12a ./Core/Src/Tasks.o
 .debug_macro   0x0000000000015f87       0x10 ./Core/Src/Tasks.o
 .debug_macro   0x0000000000015f97       0x1c ./Core/Src/Tasks.o
 .debug_macro   0x0000000000015fb3       0x52 ./Core/Src/Tasks.o
 .debug_macro   0x0000000000016005       0x22 ./Core/Src/Tasks.o
 .debug_macro   0x0000000000016027       0x10 ./Core/Src/Tasks.o
 .debug_macro   0x0000000000016037       0x40 ./Core/Src/Tasks.o
 .debug_macro   0x0000000000016077       0xd5 ./Core/Src/Tasks.o
 .debug_macro   0x000000000001614c       0x1c ./Core/Src/Tasks.o
 .debug_macro   0x0000000000016168       0x3d ./Core/Src/Tasks.o
 .debug_macro   0x00000000000161a5       0x16 ./Core/Src/Tasks.o
 .debug_macro   0x00000000000161bb      0x145 ./Core/Src/Tasks.o
 .debug_macro   0x0000000000016300       0x16 ./Core/Src/Tasks.o
 .debug_macro   0x0000000000016316       0x20 ./Core/Src/Tasks.o
 .debug_macro   0x0000000000016336       0x28 ./Core/Src/Tasks.o
 .debug_macro   0x000000000001635e      0x1b5 ./Core/Src/button.o
 .debug_macro   0x0000000000016513       0x10 ./Core/Src/button.o
 .debug_macro   0x0000000000016523      0x1d6 ./Core/Src/fsm_traffic.o
 .debug_macro   0x00000000000166f9       0x1a ./Core/Src/global.o
 .debug_macro   0x0000000000016713      0x33e ./Core/Src/i2c-lcd.o
 .debug_macro   0x0000000000016a51      0x1b9 ./Core/Src/led_display.o
 .debug_macro   0x0000000000016c0a      0x397 ./Core/Src/main.o
 .debug_macro   0x0000000000016fa1      0x1b5 ./Core/Src/scheduler.o
 .debug_macro   0x0000000000017156       0x4c ./Core/Src/scheduler.o
 .debug_macro   0x00000000000171a2      0x1a6 ./Core/Src/stm32f1xx_hal_msp.o
 .debug_macro   0x0000000000017348      0x1b0 ./Core/Src/stm32f1xx_it.o
 .debug_macro   0x00000000000174f8       0xff ./Core/Src/sysmem.o
 .debug_macro   0x00000000000175f7      0x23b ./Core/Src/sysmem.o
 .debug_macro   0x0000000000017832      0x197 ./Core/Src/system_stm32f1xx.o
 .debug_macro   0x00000000000179c9      0x1bb ./Drivers/STM32F1xx_HAL_Driver/Src/stm32f1xx_hal.o
 .debug_macro   0x0000000000017b84      0x197 ./Drivers/STM32F1xx_HAL_Driver/Src/stm32f1xx_hal_cortex.o
 .debug_macro   0x0000000000017d1b      0x202 ./Drivers/STM32F1xx_HAL_Driver/Src/stm32f1xx_hal_gpio.o
 .debug_macro   0x0000000000017f1d      0x1a9 ./Drivers/STM32F1xx_HAL_Driver/Src/stm32f1xx_hal_rcc.o
 .debug_macro   0x00000000000180c6      0x198 ./Drivers/STM32F1xx_HAL_Driver/Src/stm32f1xx_hal_tim.o
 .debug_macro   0x000000000001825e      0x197 ./Drivers/STM32F1xx_HAL_Driver/Src/stm32f1xx_hal_tim_ex.o

.debug_line     0x0000000000000000     0xd9de
 .debug_line    0x0000000000000000      0x754 ./Core/Src/7segment_display.o
 .debug_line    0x0000000000000754      0x912 ./Core/Src/Tasks.o
 .debug_line    0x0000000000001066      0x7ed ./Core/Src/button.o
 .debug_line    0x0000000000001853      0xa5a ./Core/Src/fsm_traffic.o
 .debug_line    0x00000000000022ad       0x4d ./Core/Src/global.o
 .debug_line    0x00000000000022fa      0xb1b ./Core/Src/i2c-lcd.o
 .debug_line    0x0000000000002e15      0x7e7 ./Core/Src/led_display.o
 .debug_line    0x00000000000035fc      0xa14 ./Core/Src/main.o
 .debug_line    0x0000000000004010      0x94f ./Core/Src/scheduler.o
 .debug_line    0x000000000000495f      0x6a1 ./Core/Src/stm32f1xx_hal_msp.o
 .debug_line    0x0000000000005000      0x73f ./Core/Src/stm32f1xx_it.o
 .debug_line    0x000000000000573f      0x4f8 ./Core/Src/sysmem.o
 .debug_line    0x0000000000005c37      0x6e3 ./Core/Src/system_stm32f1xx.o
 .debug_line    0x000000000000631a       0x86 ./Core/Startup/startup_stm32f103c6tx.o
 .debug_line    0x00000000000063a0      0x910 ./Drivers/STM32F1xx_HAL_Driver/Src/stm32f1xx_hal.o
 .debug_line    0x0000000000006cb0      0xaf8 ./Drivers/STM32F1xx_HAL_Driver/Src/stm32f1xx_hal_cortex.o
 .debug_line    0x00000000000077a8      0x993 ./Drivers/STM32F1xx_HAL_Driver/Src/stm32f1xx_hal_gpio.o
 .debug_line    0x000000000000813b      0xd1c ./Drivers/STM32F1xx_HAL_Driver/Src/stm32f1xx_hal_rcc.o
 .debug_line    0x0000000000008e57     0x3361 ./Drivers/STM32F1xx_HAL_Driver/Src/stm32f1xx_hal_tim.o
 .debug_line    0x000000000000c1b8     0x1826 ./Drivers/STM32F1xx_HAL_Driver/Src/stm32f1xx_hal_tim_ex.o

.debug_str      0x0000000000000000    0x873de
 .debug_str     0x0000000000000000    0x7fcb9 ./Core/Src/7segment_display.o
                                      0x8000b (size before relaxing)
 .debug_str     0x000000000007fcb9     0x4430 ./Core/Src/Tasks.o
                                      0x84402 (size before relaxing)
 .debug_str     0x00000000000840e9       0xe4 ./Core/Src/button.o
                                      0x7fe7b (size before relaxing)
 .debug_str     0x00000000000841cd       0xc9 ./Core/Src/fsm_traffic.o
                                      0x80097 (size before relaxing)
 .debug_str     0x0000000000084296       0x15 ./Core/Src/global.o
                                       0x2fe0 (size before relaxing)
 .debug_str     0x00000000000842ab      0x1e4 ./Core/Src/i2c-lcd.o
                                      0x8423e (size before relaxing)
 .debug_str     0x000000000008448f       0xb5 ./Core/Src/led_display.o
                                      0x80047 (size before relaxing)
 .debug_str     0x0000000000084544      0x666 ./Core/Src/main.o
                                      0x84b87 (size before relaxing)
 .debug_str     0x0000000000084baa       0xf9 ./Core/Src/scheduler.o
                                      0x7ffae (size before relaxing)
 .debug_str     0x0000000000084ca3      0x2ba ./Core/Src/stm32f1xx_hal_msp.o
                                      0x80531 (size before relaxing)
 .debug_str     0x0000000000084f5d       0xcd ./Core/Src/stm32f1xx_it.o
                                      0x80293 (size before relaxing)
 .debug_str     0x000000000008502a      0x4e9 ./Core/Src/sysmem.o
                                       0x628a (size before relaxing)
 .debug_str     0x0000000000085513       0x52 ./Core/Src/system_stm32f1xx.o
                                      0x7f7aa (size before relaxing)
 .debug_str     0x0000000000085565       0x36 ./Core/Startup/startup_stm32f103c6tx.o
                                         0x9e (size before relaxing)
 .debug_str     0x000000000008559b      0x304 ./Drivers/STM32F1xx_HAL_Driver/Src/stm32f1xx_hal.o
                                      0x7fe01 (size before relaxing)
 .debug_str     0x000000000008589f      0x300 ./Drivers/STM32F1xx_HAL_Driver/Src/stm32f1xx_hal_cortex.o
                                      0x7fe09 (size before relaxing)
 .debug_str     0x0000000000085b9f      0x324 ./Drivers/STM32F1xx_HAL_Driver/Src/stm32f1xx_hal_gpio.o
                                      0x7fb6e (size before relaxing)
 .debug_str     0x0000000000085ec3      0x24f ./Drivers/STM32F1xx_HAL_Driver/Src/stm32f1xx_hal_rcc.o
                                      0x7fba7 (size before relaxing)
 .debug_str     0x0000000000086112      0xdde ./Drivers/STM32F1xx_HAL_Driver/Src/stm32f1xx_hal_tim.o
                                      0x80b90 (size before relaxing)
 .debug_str     0x0000000000086ef0      0x4ee ./Drivers/STM32F1xx_HAL_Driver/Src/stm32f1xx_hal_tim_ex.o
                                      0x80331 (size before relaxing)

.comment        0x0000000000000000       0x53
 .comment       0x0000000000000000       0x53 ./Core/Src/7segment_display.o
                                         0x54 (size before relaxing)
 .comment       0x0000000000000053       0x54 ./Core/Src/Tasks.o
 .comment       0x0000000000000053       0x54 ./Core/Src/button.o
 .comment       0x0000000000000053       0x54 ./Core/Src/fsm_traffic.o
 .comment       0x0000000000000053       0x54 ./Core/Src/global.o
 .comment       0x0000000000000053       0x54 ./Core/Src/i2c-lcd.o
 .comment       0x0000000000000053       0x54 ./Core/Src/led_display.o
 .comment       0x0000000000000053       0x54 ./Core/Src/main.o
 .comment       0x0000000000000053       0x54 ./Core/Src/scheduler.o
 .comment       0x0000000000000053       0x54 ./Core/Src/stm32f1xx_hal_msp.o
 .comment       0x0000000000000053       0x54 ./Core/Src/stm32f1xx_it.o
 .comment       0x0000000000000053       0x54 ./Core/Src/sysmem.o
 .comment       0x0000000000000053       0x54 ./Core/Src/system_stm32f1xx.o
 .comment       0x0000000000000053       0x54 ./Drivers/STM32F1xx_HAL_Driver/Src/stm32f1xx_hal.o
 .comment       0x0000000000000053       0x54 ./Drivers/STM32F1xx_HAL_Driver/Src/stm32f1xx_hal_cortex.o
 .comment       0x0000000000000053       0x54 ./Drivers/STM32F1xx_HAL_Driver/Src/stm32f1xx_hal_gpio.o
 .comment       0x0000000000000053       0x54 ./Drivers/STM32F1xx_HAL_Driver/Src/stm32f1xx_hal_rcc.o
 .comment       0x0000000000000053       0x54 ./Drivers/STM32F1xx_HAL_Driver/Src/stm32f1xx_hal_tim.o
 .comment       0x0000000000000053       0x54 ./Drivers/STM32F1xx_HAL_Driver/Src/stm32f1xx_hal_tim_ex.o

.debug_frame    0x0000000000000000     0x31dc
 .debug_frame   0x0000000000000000       0x98 ./Core/Src/7segment_display.o
 .debug_frame   0x0000000000000098       0x64 ./Core/Src/Tasks.o
 .debug_frame   0x00000000000000fc      0x11c ./Core/Src/button.o
 .debug_frame   0x0000000000000218      0x10c ./Core/Src/fsm_traffic.o
 .debug_frame   0x0000000000000324      0x23c ./Core/Src/i2c-lcd.o
 .debug_frame   0x0000000000000560      0x100 ./Core/Src/led_display.o
 .debug_frame   0x0000000000000660       0xd4 ./Core/Src/main.o
 .debug_frame   0x0000000000000734      0x154 ./Core/Src/scheduler.o
 .debug_frame   0x0000000000000888       0x80 ./Core/Src/stm32f1xx_hal_msp.o
 .debug_frame   0x0000000000000908      0x120 ./Core/Src/stm32f1xx_it.o
 .debug_frame   0x0000000000000a28       0x34 ./Core/Src/sysmem.o
 .debug_frame   0x0000000000000a5c       0x58 ./Core/Src/system_stm32f1xx.o
 .debug_frame   0x0000000000000ab4      0x334 ./Drivers/STM32F1xx_HAL_Driver/Src/stm32f1xx_hal.o
 .debug_frame   0x0000000000000de8      0x428 ./Drivers/STM32F1xx_HAL_Driver/Src/stm32f1xx_hal_cortex.o
 .debug_frame   0x0000000000001210      0x14c ./Drivers/STM32F1xx_HAL_Driver/Src/stm32f1xx_hal_gpio.o
 .debug_frame   0x000000000000135c      0x218 ./Drivers/STM32F1xx_HAL_Driver/Src/stm32f1xx_hal_rcc.o
 .debug_frame   0x0000000000001574     0x11b4 ./Drivers/STM32F1xx_HAL_Driver/Src/stm32f1xx_hal_tim.o
 .debug_frame   0x0000000000002728      0x638 ./Drivers/STM32F1xx_HAL_Driver/Src/stm32f1xx_hal_tim_ex.o
 .debug_frame   0x0000000000002d60       0x20 c:/st/stm32cubeide_1.7.0/stm32cubeide/plugins/com.st.stm32cube.ide.mcu.externaltools.gnu-tools-for-stm32.9-2020-q2-update.win32_2.0.0.202105311346/tools/bin/../lib/gcc/arm-none-eabi/9.3.1/../../../../arm-none-eabi/lib/thumb/v7-m/nofp\libc_nano.a(lib_a-errno.o)
 .debug_frame   0x0000000000002d80       0x2c c:/st/stm32cubeide_1.7.0/stm32cubeide/plugins/com.st.stm32cube.ide.mcu.externaltools.gnu-tools-for-stm32.9-2020-q2-update.win32_2.0.0.202105311346/tools/bin/../lib/gcc/arm-none-eabi/9.3.1/../../../../arm-none-eabi/lib/thumb/v7-m/nofp\libc_nano.a(lib_a-init.o)
 .debug_frame   0x0000000000002dac       0x20 c:/st/stm32cubeide_1.7.0/stm32cubeide/plugins/com.st.stm32cube.ide.mcu.externaltools.gnu-tools-for-stm32.9-2020-q2-update.win32_2.0.0.202105311346/tools/bin/../lib/gcc/arm-none-eabi/9.3.1/../../../../arm-none-eabi/lib/thumb/v7-m/nofp\libc_nano.a(lib_a-memset.o)
 .debug_frame   0x0000000000002dcc       0x7c c:/st/stm32cubeide_1.7.0/stm32cubeide/plugins/com.st.stm32cube.ide.mcu.externaltools.gnu-tools-for-stm32.9-2020-q2-update.win32_2.0.0.202105311346/tools/bin/../lib/gcc/arm-none-eabi/9.3.1/../../../../arm-none-eabi/lib/thumb/v7-m/nofp\libc_nano.a(lib_a-snprintf.o)
 .debug_frame   0x0000000000002e48       0x90 c:/st/stm32cubeide_1.7.0/stm32cubeide/plugins/com.st.stm32cube.ide.mcu.externaltools.gnu-tools-for-stm32.9-2020-q2-update.win32_2.0.0.202105311346/tools/bin/../lib/gcc/arm-none-eabi/9.3.1/../../../../arm-none-eabi/lib/thumb/v7-m/nofp\libc_nano.a(lib_a-nano-svfprintf.o)
 .debug_frame   0x0000000000002ed8       0x60 c:/st/stm32cubeide_1.7.0/stm32cubeide/plugins/com.st.stm32cube.ide.mcu.externaltools.gnu-tools-for-stm32.9-2020-q2-update.win32_2.0.0.202105311346/tools/bin/../lib/gcc/arm-none-eabi/9.3.1/../../../../arm-none-eabi/lib/thumb/v7-m/nofp\libc_nano.a(lib_a-nano-vfprintf_i.o)
 .debug_frame   0x0000000000002f38       0x28 c:/st/stm32cubeide_1.7.0/stm32cubeide/plugins/com.st.stm32cube.ide.mcu.externaltools.gnu-tools-for-stm32.9-2020-q2-update.win32_2.0.0.202105311346/tools/bin/../lib/gcc/arm-none-eabi/9.3.1/../../../../arm-none-eabi/lib/thumb/v7-m/nofp\libc_nano.a(lib_a-memchr-stub.o)
 .debug_frame   0x0000000000002f60       0x28 c:/st/stm32cubeide_1.7.0/stm32cubeide/plugins/com.st.stm32cube.ide.mcu.externaltools.gnu-tools-for-stm32.9-2020-q2-update.win32_2.0.0.202105311346/tools/bin/../lib/gcc/arm-none-eabi/9.3.1/../../../../arm-none-eabi/lib/thumb/v7-m/nofp\libc_nano.a(lib_a-memcpy-stub.o)
 .debug_frame   0x0000000000002f88       0x28 c:/st/stm32cubeide_1.7.0/stm32cubeide/plugins/com.st.stm32cube.ide.mcu.externaltools.gnu-tools-for-stm32.9-2020-q2-update.win32_2.0.0.202105311346/tools/bin/../lib/gcc/arm-none-eabi/9.3.1/../../../../arm-none-eabi/lib/thumb/v7-m/nofp\libc_nano.a(lib_a-memmove.o)
 .debug_frame   0x0000000000002fb0       0x38 c:/st/stm32cubeide_1.7.0/stm32cubeide/plugins/com.st.stm32cube.ide.mcu.externaltools.gnu-tools-for-stm32.9-2020-q2-update.win32_2.0.0.202105311346/tools/bin/../lib/gcc/arm-none-eabi/9.3.1/../../../../arm-none-eabi/lib/thumb/v7-m/nofp\libc_nano.a(lib_a-nano-freer.o)
 .debug_frame   0x0000000000002fe8       0x30 c:/st/stm32cubeide_1.7.0/stm32cubeide/plugins/com.st.stm32cube.ide.mcu.externaltools.gnu-tools-for-stm32.9-2020-q2-update.win32_2.0.0.202105311346/tools/bin/../lib/gcc/arm-none-eabi/9.3.1/../../../../arm-none-eabi/lib/thumb/v7-m/nofp\libc_nano.a(lib_a-nano-mallocr.o)
 .debug_frame   0x0000000000003018       0x3c c:/st/stm32cubeide_1.7.0/stm32cubeide/plugins/com.st.stm32cube.ide.mcu.externaltools.gnu-tools-for-stm32.9-2020-q2-update.win32_2.0.0.202105311346/tools/bin/../lib/gcc/arm-none-eabi/9.3.1/../../../../arm-none-eabi/lib/thumb/v7-m/nofp\libc_nano.a(lib_a-nano-reallocr.o)
 .debug_frame   0x0000000000003054       0x2c c:/st/stm32cubeide_1.7.0/stm32cubeide/plugins/com.st.stm32cube.ide.mcu.externaltools.gnu-tools-for-stm32.9-2020-q2-update.win32_2.0.0.202105311346/tools/bin/../lib/gcc/arm-none-eabi/9.3.1/../../../../arm-none-eabi/lib/thumb/v7-m/nofp\libc_nano.a(lib_a-sbrkr.o)
 .debug_frame   0x0000000000003080       0x30 c:/st/stm32cubeide_1.7.0/stm32cubeide/plugins/com.st.stm32cube.ide.mcu.externaltools.gnu-tools-for-stm32.9-2020-q2-update.win32_2.0.0.202105311346/tools/bin/../lib/gcc/arm-none-eabi/9.3.1/../../../../arm-none-eabi/lib/thumb/v7-m/nofp\libc_nano.a(lib_a-mlock.o)
 .debug_frame   0x00000000000030b0       0x20 c:/st/stm32cubeide_1.7.0/stm32cubeide/plugins/com.st.stm32cube.ide.mcu.externaltools.gnu-tools-for-stm32.9-2020-q2-update.win32_2.0.0.202105311346/tools/bin/../lib/gcc/arm-none-eabi/9.3.1/../../../../arm-none-eabi/lib/thumb/v7-m/nofp\libc_nano.a(lib_a-nano-msizer.o)
 .debug_frame   0x00000000000030d0       0x5c c:/st/stm32cubeide_1.7.0/stm32cubeide/plugins/com.st.stm32cube.ide.mcu.externaltools.gnu-tools-for-stm32.9-2020-q2-update.win32_2.0.0.202105311346/tools/bin/../lib/gcc/arm-none-eabi/9.3.1/../../../../arm-none-eabi/lib/thumb/v7-m/nofp\libc_nano.a(lib_a-reent.o)
 .debug_frame   0x000000000000312c       0xb0 c:/st/stm32cubeide_1.7.0/stm32cubeide/plugins/com.st.stm32cube.ide.mcu.externaltools.gnu-tools-for-stm32.9-2020-q2-update.win32_2.0.0.202105311346/tools/bin/../lib/gcc/arm-none-eabi/9.3.1/../../../../arm-none-eabi/lib/thumb/v7-m/nofp\libc_nano.a(lib_a-lock.o)
